running develop
running egg_info
creating castor_common.egg-info
writing castor_common.egg-info/PKG-INFO
writing dependency_links to castor_common.egg-info/dependency_links.txt
writing entry points to castor_common.egg-info/entry_points.txt
writing requirements to castor_common.egg-info/requires.txt
writing top-level names to castor_common.egg-info/top_level.txt
writing manifest file 'castor_common.egg-info/SOURCES.txt'
reading manifest file 'castor_common.egg-info/SOURCES.txt'
writing manifest file 'castor_common.egg-info/SOURCES.txt'
running build_ext
Creating /home/ws/.component_workspaces/localization/install/castor_common/lib/python3.12/site-packages/castor-common.egg-link (link to .)
Installing castor-config script to /home/ws/.component_workspaces/localization/install/castor_common/lib/castor_common
Installing heartbeat script to /home/ws/.component_workspaces/localization/install/castor_common/lib/castor_common

Installed /home/ws/.component_workspaces/localization/build/castor_common
running symlink_data
creating /home/ws/.component_workspaces/localization/install/castor_common/share/ament_index
creating /home/ws/.component_workspaces/localization/install/castor_common/share/ament_index/resource_index
creating /home/ws/.component_workspaces/localization/install/castor_common/share/ament_index/resource_index/packages
symbolically linking /home/ws/.component_workspaces/localization/build/castor_common/resource/castor_common -> /home/ws/.component_workspaces/localization/install/castor_common/share/ament_index/resource_index/packages
symbolically linking /home/ws/.component_workspaces/localization/build/castor_common/package.xml -> /home/ws/.component_workspaces/localization/install/castor_common/share/castor_common
