[0.561s] Invoking command in '/home/ws/.component_workspaces/localization/build/castor_common': AMENT_PREFIX_PATH=/home/ws/.component_workspaces/localization/install/castor_interfaces:${AMENT_PREFIX_PATH} CMAKE_PREFIX_PATH=/home/ws/.component_workspaces/localization/install/castor_interfaces:${CMAKE_PREFIX_PATH} LD_LIBRARY_PATH=/home/ws/.component_workspaces/localization/install/castor_interfaces/lib:${LD_LIBRARY_PATH} PYTHONPATH=/home/ws/.component_workspaces/localization/build/castor_common/prefix_override:/usr/lib/python3/dist-packages/colcon_core/task/python/colcon_distutils_commands:/home/ws/.component_workspaces/localization/install/castor_common/lib/python3.12/site-packages:/home/ws/.component_workspaces/localization/install/castor_interfaces/lib/python3.12/site-packages:${PYTHONPATH} /usr/bin/python3 -W ignore:setup.py install is deprecated -W ignore:easy_install command is deprecated setup.py develop --editable --build-directory /home/ws/.component_workspaces/localization/build/castor_common/build --no-deps symlink_data
[0.717s] running develop
[0.785s] running egg_info
[0.785s] creating castor_common.egg-info
[0.791s] writing castor_common.egg-info/PKG-INFO
[0.791s] writing dependency_links to castor_common.egg-info/dependency_links.txt
[0.791s] writing entry points to castor_common.egg-info/entry_points.txt
[0.792s] writing requirements to castor_common.egg-info/requires.txt
[0.792s] writing top-level names to castor_common.egg-info/top_level.txt
[0.792s] writing manifest file 'castor_common.egg-info/SOURCES.txt'
[0.805s] reading manifest file 'castor_common.egg-info/SOURCES.txt'
[0.806s] writing manifest file 'castor_common.egg-info/SOURCES.txt'
[0.813s] running build_ext
[0.813s] Creating /home/ws/.component_workspaces/localization/install/castor_common/lib/python3.12/site-packages/castor-common.egg-link (link to .)
[0.813s] Installing castor-config script to /home/ws/.component_workspaces/localization/install/castor_common/lib/castor_common
[0.814s] Installing heartbeat script to /home/ws/.component_workspaces/localization/install/castor_common/lib/castor_common
[0.814s] 
[0.814s] Installed /home/ws/.component_workspaces/localization/build/castor_common
[0.814s] running symlink_data
[0.814s] creating /home/ws/.component_workspaces/localization/install/castor_common/share/ament_index
[0.814s] creating /home/ws/.component_workspaces/localization/install/castor_common/share/ament_index/resource_index
[0.814s] creating /home/ws/.component_workspaces/localization/install/castor_common/share/ament_index/resource_index/packages
[0.814s] symbolically linking /home/ws/.component_workspaces/localization/build/castor_common/resource/castor_common -> /home/ws/.component_workspaces/localization/install/castor_common/share/ament_index/resource_index/packages
[0.814s] symbolically linking /home/ws/.component_workspaces/localization/build/castor_common/package.xml -> /home/ws/.component_workspaces/localization/install/castor_common/share/castor_common
[0.831s] Invoked command in '/home/ws/.component_workspaces/localization/build/castor_common' returned '0': AMENT_PREFIX_PATH=/home/ws/.component_workspaces/localization/install/castor_interfaces:${AMENT_PREFIX_PATH} CMAKE_PREFIX_PATH=/home/ws/.component_workspaces/localization/install/castor_interfaces:${CMAKE_PREFIX_PATH} LD_LIBRARY_PATH=/home/ws/.component_workspaces/localization/install/castor_interfaces/lib:${LD_LIBRARY_PATH} PYTHONPATH=/home/ws/.component_workspaces/localization/build/castor_common/prefix_override:/usr/lib/python3/dist-packages/colcon_core/task/python/colcon_distutils_commands:/home/ws/.component_workspaces/localization/install/castor_common/lib/python3.12/site-packages:/home/ws/.component_workspaces/localization/install/castor_interfaces/lib/python3.12/site-packages:${PYTHONPATH} /usr/bin/python3 -W ignore:setup.py install is deprecated -W ignore:easy_install command is deprecated setup.py develop --editable --build-directory /home/ws/.component_workspaces/localization/build/castor_common/build --no-deps symlink_data
