[0.065s] DEBUG:colcon:Command line arguments: ['/usr/bin/colcon', 'build', '--base-paths', '/home/ws/components/common/castor_common', '/home/ws/components/common/castor_interfaces', '/home/ws/components/localization/localization_launch', '--build-base', '/home/ws/.component_workspaces/localization/build', '--install-base', '/home/ws/.component_workspaces/localization/install', '--symlink-install', '--cmake-args', '-DCMAKE_BUILD_TYPE=RelWithDebInfo', '-DCMAKE_EXPORT_COMPILE_COMMANDS=ON']
[0.065s] DEBUG:colcon:Parsed command line arguments: Namespace(log_base=None, log_level=None, verb_name='build', build_base='/home/ws/.component_workspaces/localization/build', install_base='/home/ws/.component_workspaces/localization/install', merge_install=False, symlink_install=True, test_result_base=None, continue_on_error=False, executor='parallel', parallel_workers=24, event_handlers=None, ignore_user_meta=False, metas=['./colcon.meta'], base_paths=['/home/ws/components/common/castor_common', '/home/ws/components/common/castor_interfaces', '/home/ws/components/localization/localization_launch'], packages_ignore=None, packages_ignore_regex=None, paths=None, packages_up_to=None, packages_up_to_regex=None, packages_above=None, packages_above_and_dependencies=None, packages_above_depth=None, packages_select_by_dep=None, packages_skip_by_dep=None, packages_skip_up_to=None, packages_select_build_failed=False, packages_skip_build_finished=False, packages_select_test_failures=False, packages_skip_test_passed=False, packages_select=None, packages_skip=None, packages_select_regex=None, packages_skip_regex=None, packages_start=None, packages_end=None, cmake_args=['-DCMAKE_BUILD_TYPE=RelWithDebInfo', '-DCMAKE_EXPORT_COMPILE_COMMANDS=ON'], cmake_target=None, cmake_target_skip_unavailable=False, cmake_clean_cache=False, cmake_clean_first=False, cmake_force_configure=False, ament_cmake_args=None, catkin_cmake_args=None, catkin_skip_building_tests=False, mixin_files=None, mixin=None, verb_parser=<colcon_mixin.mixin.mixin_argument.MixinArgumentDecorator object at 0x7ee4550b9a90>, verb_extension=<colcon_core.verb.build.BuildVerb object at 0x7ee4550b9700>, main=<bound method BuildVerb.main of <colcon_core.verb.build.BuildVerb object at 0x7ee4550b9700>>, mixin_verb=('build',))
[0.092s] Level 1:colcon.colcon_core.package_discovery:discover_packages(colcon_meta) check parameters
[0.092s] Level 1:colcon.colcon_core.package_discovery:discover_packages(recursive) check parameters
[0.092s] Level 1:colcon.colcon_core.package_discovery:discover_packages(ignore) check parameters
[0.092s] Level 1:colcon.colcon_core.package_discovery:discover_packages(path) check parameters
[0.092s] Level 1:colcon.colcon_core.package_discovery:discover_packages(recursive) discover
[0.092s] INFO:colcon.colcon_core.package_discovery:Crawling recursively for packages in '/home/ws/components/common/castor_common', '/home/ws/components/common/castor_interfaces', '/home/ws/components/localization/localization_launch'
[0.092s] Level 1:colcon.colcon_core.package_identification:_identify(/home/ws/components/common/castor_common) by extensions ['ignore', 'ignore_ament_install']
[0.092s] Level 1:colcon.colcon_core.package_identification:_identify(/home/ws/components/common/castor_common) by extension 'ignore'
[0.092s] Level 1:colcon.colcon_core.package_identification:_identify(/home/ws/components/common/castor_common) by extension 'ignore_ament_install'
[0.092s] Level 1:colcon.colcon_core.package_identification:_identify(/home/ws/components/common/castor_common) by extensions ['colcon_pkg']
[0.092s] Level 1:colcon.colcon_core.package_identification:_identify(/home/ws/components/common/castor_common) by extension 'colcon_pkg'
[0.092s] Level 1:colcon.colcon_core.package_identification:_identify(/home/ws/components/common/castor_common) by extensions ['colcon_meta']
[0.092s] Level 1:colcon.colcon_core.package_identification:_identify(/home/ws/components/common/castor_common) by extension 'colcon_meta'
[0.092s] Level 1:colcon.colcon_core.package_identification:_identify(/home/ws/components/common/castor_common) by extensions ['ros']
[0.092s] Level 1:colcon.colcon_core.package_identification:_identify(/home/ws/components/common/castor_common) by extension 'ros'
[0.112s] DEBUG:colcon.colcon_core.package_identification:Package '/home/ws/components/common/castor_common' with type 'ros.ament_python' and name 'castor_common'
[0.112s] Level 1:colcon.colcon_core.package_identification:_identify(/home/ws/components/common/castor_interfaces) by extensions ['ignore', 'ignore_ament_install']
[0.112s] Level 1:colcon.colcon_core.package_identification:_identify(/home/ws/components/common/castor_interfaces) by extension 'ignore'
[0.112s] Level 1:colcon.colcon_core.package_identification:_identify(/home/ws/components/common/castor_interfaces) by extension 'ignore_ament_install'
[0.112s] Level 1:colcon.colcon_core.package_identification:_identify(/home/ws/components/common/castor_interfaces) by extensions ['colcon_pkg']
[0.112s] Level 1:colcon.colcon_core.package_identification:_identify(/home/ws/components/common/castor_interfaces) by extension 'colcon_pkg'
[0.112s] Level 1:colcon.colcon_core.package_identification:_identify(/home/ws/components/common/castor_interfaces) by extensions ['colcon_meta']
[0.112s] Level 1:colcon.colcon_core.package_identification:_identify(/home/ws/components/common/castor_interfaces) by extension 'colcon_meta'
[0.112s] Level 1:colcon.colcon_core.package_identification:_identify(/home/ws/components/common/castor_interfaces) by extensions ['ros']
[0.112s] Level 1:colcon.colcon_core.package_identification:_identify(/home/ws/components/common/castor_interfaces) by extension 'ros'
[0.112s] DEBUG:colcon.colcon_core.package_identification:Package '/home/ws/components/common/castor_interfaces' with type 'ros.ament_cmake' and name 'castor_interfaces'
[0.112s] Level 1:colcon.colcon_core.package_identification:_identify(/home/ws/components/localization/localization_launch) by extensions ['ignore', 'ignore_ament_install']
[0.112s] Level 1:colcon.colcon_core.package_identification:_identify(/home/ws/components/localization/localization_launch) by extension 'ignore'
[0.112s] Level 1:colcon.colcon_core.package_identification:_identify(/home/ws/components/localization/localization_launch) by extension 'ignore_ament_install'
[0.113s] Level 1:colcon.colcon_core.package_identification:_identify(/home/ws/components/localization/localization_launch) by extensions ['colcon_pkg']
[0.113s] Level 1:colcon.colcon_core.package_identification:_identify(/home/ws/components/localization/localization_launch) by extension 'colcon_pkg'
[0.113s] Level 1:colcon.colcon_core.package_identification:_identify(/home/ws/components/localization/localization_launch) by extensions ['colcon_meta']
[0.113s] Level 1:colcon.colcon_core.package_identification:_identify(/home/ws/components/localization/localization_launch) by extension 'colcon_meta'
[0.113s] Level 1:colcon.colcon_core.package_identification:_identify(/home/ws/components/localization/localization_launch) by extensions ['ros']
[0.113s] Level 1:colcon.colcon_core.package_identification:_identify(/home/ws/components/localization/localization_launch) by extension 'ros'
[0.113s] DEBUG:colcon.colcon_core.package_identification:Package '/home/ws/components/localization/localization_launch' with type 'ros.ament_cmake' and name 'localization_launch'
[0.113s] Level 1:colcon.colcon_core.package_discovery:discover_packages(recursive) using defaults
[0.126s] Level 5:colcon.colcon_core.verb:set package 'castor_interfaces' build argument 'cmake_args' from command line to '['-DCMAKE_BUILD_TYPE=RelWithDebInfo', '-DCMAKE_EXPORT_COMPILE_COMMANDS=ON']'
[0.126s] Level 5:colcon.colcon_core.verb:set package 'castor_interfaces' build argument 'cmake_target' from command line to 'None'
[0.126s] Level 5:colcon.colcon_core.verb:set package 'castor_interfaces' build argument 'cmake_target_skip_unavailable' from command line to 'False'
[0.126s] Level 5:colcon.colcon_core.verb:set package 'castor_interfaces' build argument 'cmake_clean_cache' from command line to 'False'
[0.126s] Level 5:colcon.colcon_core.verb:set package 'castor_interfaces' build argument 'cmake_clean_first' from command line to 'False'
[0.126s] Level 5:colcon.colcon_core.verb:set package 'castor_interfaces' build argument 'cmake_force_configure' from command line to 'False'
[0.127s] Level 5:colcon.colcon_core.verb:set package 'castor_interfaces' build argument 'ament_cmake_args' from command line to 'None'
[0.127s] Level 5:colcon.colcon_core.verb:set package 'castor_interfaces' build argument 'catkin_cmake_args' from command line to 'None'
[0.127s] Level 5:colcon.colcon_core.verb:set package 'castor_interfaces' build argument 'catkin_skip_building_tests' from command line to 'False'
[0.127s] DEBUG:colcon.colcon_core.verb:Building package 'castor_interfaces' with the following arguments: {'ament_cmake_args': None, 'build_base': '/home/ws/.component_workspaces/localization/build/castor_interfaces', 'catkin_cmake_args': None, 'catkin_skip_building_tests': False, 'cmake_args': ['-DCMAKE_BUILD_TYPE=RelWithDebInfo', '-DCMAKE_EXPORT_COMPILE_COMMANDS=ON'], 'cmake_clean_cache': False, 'cmake_clean_first': False, 'cmake_force_configure': False, 'cmake_target': None, 'cmake_target_skip_unavailable': False, 'install_base': '/home/ws/.component_workspaces/localization/install/castor_interfaces', 'merge_install': False, 'path': '/home/ws/components/common/castor_interfaces', 'symlink_install': True, 'test_result_base': None}
[0.127s] Level 5:colcon.colcon_core.verb:set package 'castor_common' build argument 'cmake_args' from command line to '['-DCMAKE_BUILD_TYPE=RelWithDebInfo', '-DCMAKE_EXPORT_COMPILE_COMMANDS=ON']'
[0.127s] Level 5:colcon.colcon_core.verb:set package 'castor_common' build argument 'cmake_target' from command line to 'None'
[0.127s] Level 5:colcon.colcon_core.verb:set package 'castor_common' build argument 'cmake_target_skip_unavailable' from command line to 'False'
[0.127s] Level 5:colcon.colcon_core.verb:set package 'castor_common' build argument 'cmake_clean_cache' from command line to 'False'
[0.127s] Level 5:colcon.colcon_core.verb:set package 'castor_common' build argument 'cmake_clean_first' from command line to 'False'
[0.127s] Level 5:colcon.colcon_core.verb:set package 'castor_common' build argument 'cmake_force_configure' from command line to 'False'
[0.127s] Level 5:colcon.colcon_core.verb:set package 'castor_common' build argument 'ament_cmake_args' from command line to 'None'
[0.127s] Level 5:colcon.colcon_core.verb:set package 'castor_common' build argument 'catkin_cmake_args' from command line to 'None'
[0.127s] Level 5:colcon.colcon_core.verb:set package 'castor_common' build argument 'catkin_skip_building_tests' from command line to 'False'
[0.127s] DEBUG:colcon.colcon_core.verb:Building package 'castor_common' with the following arguments: {'ament_cmake_args': None, 'build_base': '/home/ws/.component_workspaces/localization/build/castor_common', 'catkin_cmake_args': None, 'catkin_skip_building_tests': False, 'cmake_args': ['-DCMAKE_BUILD_TYPE=RelWithDebInfo', '-DCMAKE_EXPORT_COMPILE_COMMANDS=ON'], 'cmake_clean_cache': False, 'cmake_clean_first': False, 'cmake_force_configure': False, 'cmake_target': None, 'cmake_target_skip_unavailable': False, 'install_base': '/home/ws/.component_workspaces/localization/install/castor_common', 'merge_install': False, 'path': '/home/ws/components/common/castor_common', 'symlink_install': True, 'test_result_base': None}
[0.127s] Level 5:colcon.colcon_core.verb:set package 'localization_launch' build argument 'cmake_args' from command line to '['-DCMAKE_BUILD_TYPE=RelWithDebInfo', '-DCMAKE_EXPORT_COMPILE_COMMANDS=ON']'
[0.127s] Level 5:colcon.colcon_core.verb:set package 'localization_launch' build argument 'cmake_target' from command line to 'None'
[0.127s] Level 5:colcon.colcon_core.verb:set package 'localization_launch' build argument 'cmake_target_skip_unavailable' from command line to 'False'
[0.127s] Level 5:colcon.colcon_core.verb:set package 'localization_launch' build argument 'cmake_clean_cache' from command line to 'False'
[0.127s] Level 5:colcon.colcon_core.verb:set package 'localization_launch' build argument 'cmake_clean_first' from command line to 'False'
[0.127s] Level 5:colcon.colcon_core.verb:set package 'localization_launch' build argument 'cmake_force_configure' from command line to 'False'
[0.127s] Level 5:colcon.colcon_core.verb:set package 'localization_launch' build argument 'ament_cmake_args' from command line to 'None'
[0.127s] Level 5:colcon.colcon_core.verb:set package 'localization_launch' build argument 'catkin_cmake_args' from command line to 'None'
[0.127s] Level 5:colcon.colcon_core.verb:set package 'localization_launch' build argument 'catkin_skip_building_tests' from command line to 'False'
[0.127s] DEBUG:colcon.colcon_core.verb:Building package 'localization_launch' with the following arguments: {'ament_cmake_args': None, 'build_base': '/home/ws/.component_workspaces/localization/build/localization_launch', 'catkin_cmake_args': None, 'catkin_skip_building_tests': False, 'cmake_args': ['-DCMAKE_BUILD_TYPE=RelWithDebInfo', '-DCMAKE_EXPORT_COMPILE_COMMANDS=ON'], 'cmake_clean_cache': False, 'cmake_clean_first': False, 'cmake_force_configure': False, 'cmake_target': None, 'cmake_target_skip_unavailable': False, 'install_base': '/home/ws/.component_workspaces/localization/install/localization_launch', 'merge_install': False, 'path': '/home/ws/components/localization/localization_launch', 'symlink_install': True, 'test_result_base': None}
[0.127s] INFO:colcon.colcon_core.executor:Executing jobs using 'parallel' executor
[0.128s] DEBUG:colcon.colcon_parallel_executor.executor.parallel:run_until_complete
[0.128s] INFO:colcon.colcon_ros.task.ament_cmake.build:Building ROS package in '/home/ws/components/common/castor_interfaces' with build type 'ament_cmake'
[0.128s] INFO:colcon.colcon_cmake.task.cmake.build:Building CMake package in '/home/ws/components/common/castor_interfaces'
[0.129s] INFO:colcon.colcon_core.plugin_system:Skipping extension 'colcon_core.shell.bat': Not used on non-Windows systems
[0.130s] INFO:colcon.colcon_core.shell:Skip shell extension 'powershell' for command environment: Not usable outside of PowerShell
[0.130s] DEBUG:colcon.colcon_core.shell:Skip shell extension 'dsv' for command environment
[0.135s] DEBUG:colcon.colcon_core.event_handler.log_command:Invoking command in '/home/ws/.component_workspaces/localization/build/castor_interfaces': CMAKE_PREFIX_PATH=${CMAKE_PREFIX_PATH}:/opt/ros/jazzy /usr/bin/cmake /home/ws/components/common/castor_interfaces -DCMAKE_BUILD_TYPE=RelWithDebInfo -DCMAKE_EXPORT_COMPILE_COMMANDS=ON -DAMENT_CMAKE_SYMLINK_INSTALL=1 -DCMAKE_INSTALL_PREFIX=/home/ws/.component_workspaces/localization/install/castor_interfaces
[2.647s] DEBUG:colcon.colcon_core.event_handler.log_command:Invoked command in '/home/ws/.component_workspaces/localization/build/castor_interfaces' returned '0': CMAKE_PREFIX_PATH=${CMAKE_PREFIX_PATH}:/opt/ros/jazzy /usr/bin/cmake /home/ws/components/common/castor_interfaces -DCMAKE_BUILD_TYPE=RelWithDebInfo -DCMAKE_EXPORT_COMPILE_COMMANDS=ON -DAMENT_CMAKE_SYMLINK_INSTALL=1 -DCMAKE_INSTALL_PREFIX=/home/ws/.component_workspaces/localization/install/castor_interfaces
[2.647s] DEBUG:colcon.colcon_core.event_handler.log_command:Invoking command in '/home/ws/.component_workspaces/localization/build/castor_interfaces': CMAKE_PREFIX_PATH=${CMAKE_PREFIX_PATH}:/opt/ros/jazzy /usr/bin/cmake --build /home/ws/.component_workspaces/localization/build/castor_interfaces -- -j24 -l24
[6.913s] DEBUG:colcon.colcon_core.event_handler.log_command:Invoked command in '/home/ws/.component_workspaces/localization/build/castor_interfaces' returned '0': CMAKE_PREFIX_PATH=${CMAKE_PREFIX_PATH}:/opt/ros/jazzy /usr/bin/cmake --build /home/ws/.component_workspaces/localization/build/castor_interfaces -- -j24 -l24
[6.920s] DEBUG:colcon.colcon_core.event_handler.log_command:Invoking command in '/home/ws/.component_workspaces/localization/build/castor_interfaces': CMAKE_PREFIX_PATH=${CMAKE_PREFIX_PATH}:/opt/ros/jazzy /usr/bin/cmake --install /home/ws/.component_workspaces/localization/build/castor_interfaces
[8.147s] Level 1:colcon.colcon_core.environment:create_environment_scripts_only(castor_interfaces)
[8.147s] DEBUG:colcon.colcon_core.event_handler.log_command:Invoked command in '/home/ws/.component_workspaces/localization/build/castor_interfaces' returned '0': CMAKE_PREFIX_PATH=${CMAKE_PREFIX_PATH}:/opt/ros/jazzy /usr/bin/cmake --install /home/ws/.component_workspaces/localization/build/castor_interfaces
[8.149s] Level 1:colcon.colcon_core.environment:checking '/home/ws/.component_workspaces/localization/install/castor_interfaces' for CMake module files
[8.149s] Level 1:colcon.colcon_core.environment:checking '/home/ws/.component_workspaces/localization/install/castor_interfaces' for CMake config files
[8.150s] Level 1:colcon.colcon_core.shell:create_environment_hook('castor_interfaces', 'cmake_prefix_path')
[8.150s] INFO:colcon.colcon_core.shell:Creating environment hook '/home/ws/.component_workspaces/localization/install/castor_interfaces/share/castor_interfaces/hook/cmake_prefix_path.ps1'
[8.150s] INFO:colcon.colcon_core.shell:Creating environment descriptor '/home/ws/.component_workspaces/localization/install/castor_interfaces/share/castor_interfaces/hook/cmake_prefix_path.dsv'
[8.150s] INFO:colcon.colcon_core.shell:Creating environment hook '/home/ws/.component_workspaces/localization/install/castor_interfaces/share/castor_interfaces/hook/cmake_prefix_path.sh'
[8.151s] Level 1:colcon.colcon_core.environment:checking '/home/ws/.component_workspaces/localization/install/castor_interfaces/lib'
[8.151s] Level 1:colcon.colcon_core.shell:create_environment_hook('castor_interfaces', 'ld_library_path_lib')
[8.151s] INFO:colcon.colcon_core.shell:Creating environment hook '/home/ws/.component_workspaces/localization/install/castor_interfaces/share/castor_interfaces/hook/ld_library_path_lib.ps1'
[8.152s] INFO:colcon.colcon_core.shell:Creating environment descriptor '/home/ws/.component_workspaces/localization/install/castor_interfaces/share/castor_interfaces/hook/ld_library_path_lib.dsv'
[8.152s] INFO:colcon.colcon_core.shell:Creating environment hook '/home/ws/.component_workspaces/localization/install/castor_interfaces/share/castor_interfaces/hook/ld_library_path_lib.sh'
[8.152s] Level 1:colcon.colcon_core.environment:checking '/home/ws/.component_workspaces/localization/install/castor_interfaces/bin'
[8.152s] Level 1:colcon.colcon_core.environment:checking '/home/ws/.component_workspaces/localization/install/castor_interfaces/lib/pkgconfig/castor_interfaces.pc'
[8.153s] Level 1:colcon.colcon_core.environment:checking '/home/ws/.component_workspaces/localization/install/castor_interfaces/lib/python3.12/site-packages'
[8.153s] Level 1:colcon.colcon_core.shell:create_environment_hook('castor_interfaces', 'pythonpath')
[8.153s] INFO:colcon.colcon_core.shell:Creating environment hook '/home/ws/.component_workspaces/localization/install/castor_interfaces/share/castor_interfaces/hook/pythonpath.ps1'
[8.153s] INFO:colcon.colcon_core.shell:Creating environment descriptor '/home/ws/.component_workspaces/localization/install/castor_interfaces/share/castor_interfaces/hook/pythonpath.dsv'
[8.153s] INFO:colcon.colcon_core.shell:Creating environment hook '/home/ws/.component_workspaces/localization/install/castor_interfaces/share/castor_interfaces/hook/pythonpath.sh'
[8.154s] Level 1:colcon.colcon_core.environment:checking '/home/ws/.component_workspaces/localization/install/castor_interfaces/bin'
[8.154s] INFO:colcon.colcon_core.shell:Creating package script '/home/ws/.component_workspaces/localization/install/castor_interfaces/share/castor_interfaces/package.ps1'
[8.155s] INFO:colcon.colcon_core.shell:Creating package descriptor '/home/ws/.component_workspaces/localization/install/castor_interfaces/share/castor_interfaces/package.dsv'
[8.155s] INFO:colcon.colcon_core.shell:Creating package script '/home/ws/.component_workspaces/localization/install/castor_interfaces/share/castor_interfaces/package.sh'
[8.155s] INFO:colcon.colcon_core.shell:Creating package script '/home/ws/.component_workspaces/localization/install/castor_interfaces/share/castor_interfaces/package.bash'
[8.156s] INFO:colcon.colcon_core.shell:Creating package script '/home/ws/.component_workspaces/localization/install/castor_interfaces/share/castor_interfaces/package.zsh'
[8.156s] Level 1:colcon.colcon_core.environment:create_file_with_runtime_dependencies(/home/ws/.component_workspaces/localization/install/castor_interfaces/share/colcon-core/packages/castor_interfaces)
[8.156s] Level 1:colcon.colcon_core.environment:create_environment_scripts_only(castor_interfaces)
[8.156s] Level 1:colcon.colcon_core.environment:checking '/home/ws/.component_workspaces/localization/install/castor_interfaces' for CMake module files
[8.157s] Level 1:colcon.colcon_core.environment:checking '/home/ws/.component_workspaces/localization/install/castor_interfaces' for CMake config files
[8.157s] Level 1:colcon.colcon_core.shell:create_environment_hook('castor_interfaces', 'cmake_prefix_path')
[8.157s] INFO:colcon.colcon_core.shell:Creating environment hook '/home/ws/.component_workspaces/localization/install/castor_interfaces/share/castor_interfaces/hook/cmake_prefix_path.ps1'
[8.158s] INFO:colcon.colcon_core.shell:Creating environment descriptor '/home/ws/.component_workspaces/localization/install/castor_interfaces/share/castor_interfaces/hook/cmake_prefix_path.dsv'
[8.158s] INFO:colcon.colcon_core.shell:Creating environment hook '/home/ws/.component_workspaces/localization/install/castor_interfaces/share/castor_interfaces/hook/cmake_prefix_path.sh'
[8.158s] Level 1:colcon.colcon_core.environment:checking '/home/ws/.component_workspaces/localization/install/castor_interfaces/lib'
[8.158s] Level 1:colcon.colcon_core.shell:create_environment_hook('castor_interfaces', 'ld_library_path_lib')
[8.158s] INFO:colcon.colcon_core.shell:Creating environment hook '/home/ws/.component_workspaces/localization/install/castor_interfaces/share/castor_interfaces/hook/ld_library_path_lib.ps1'
[8.159s] INFO:colcon.colcon_core.shell:Creating environment descriptor '/home/ws/.component_workspaces/localization/install/castor_interfaces/share/castor_interfaces/hook/ld_library_path_lib.dsv'
[8.159s] INFO:colcon.colcon_core.shell:Creating environment hook '/home/ws/.component_workspaces/localization/install/castor_interfaces/share/castor_interfaces/hook/ld_library_path_lib.sh'
[8.159s] Level 1:colcon.colcon_core.environment:checking '/home/ws/.component_workspaces/localization/install/castor_interfaces/bin'
[8.159s] Level 1:colcon.colcon_core.environment:checking '/home/ws/.component_workspaces/localization/install/castor_interfaces/lib/pkgconfig/castor_interfaces.pc'
[8.159s] Level 1:colcon.colcon_core.environment:checking '/home/ws/.component_workspaces/localization/install/castor_interfaces/lib/python3.12/site-packages'
[8.159s] Level 1:colcon.colcon_core.shell:create_environment_hook('castor_interfaces', 'pythonpath')
[8.159s] INFO:colcon.colcon_core.shell:Creating environment hook '/home/ws/.component_workspaces/localization/install/castor_interfaces/share/castor_interfaces/hook/pythonpath.ps1'
[8.159s] INFO:colcon.colcon_core.shell:Creating environment descriptor '/home/ws/.component_workspaces/localization/install/castor_interfaces/share/castor_interfaces/hook/pythonpath.dsv'
[8.160s] INFO:colcon.colcon_core.shell:Creating environment hook '/home/ws/.component_workspaces/localization/install/castor_interfaces/share/castor_interfaces/hook/pythonpath.sh'
[8.160s] Level 1:colcon.colcon_core.environment:checking '/home/ws/.component_workspaces/localization/install/castor_interfaces/bin'
[8.160s] INFO:colcon.colcon_core.shell:Creating package script '/home/ws/.component_workspaces/localization/install/castor_interfaces/share/castor_interfaces/package.ps1'
[8.161s] INFO:colcon.colcon_core.shell:Creating package descriptor '/home/ws/.component_workspaces/localization/install/castor_interfaces/share/castor_interfaces/package.dsv'
[8.161s] INFO:colcon.colcon_core.shell:Creating package script '/home/ws/.component_workspaces/localization/install/castor_interfaces/share/castor_interfaces/package.sh'
[8.161s] INFO:colcon.colcon_core.shell:Creating package script '/home/ws/.component_workspaces/localization/install/castor_interfaces/share/castor_interfaces/package.bash'
[8.161s] INFO:colcon.colcon_core.shell:Creating package script '/home/ws/.component_workspaces/localization/install/castor_interfaces/share/castor_interfaces/package.zsh'
[8.162s] Level 1:colcon.colcon_core.environment:create_file_with_runtime_dependencies(/home/ws/.component_workspaces/localization/install/castor_interfaces/share/colcon-core/packages/castor_interfaces)
[8.162s] INFO:colcon.colcon_ros.task.ament_python.build:Building ROS package in '/home/ws/components/common/castor_common' with build type 'ament_python'
[8.162s] Level 1:colcon.colcon_core.shell:create_environment_hook('castor_common', 'ament_prefix_path')
[8.162s] INFO:colcon.colcon_core.shell:Creating environment hook '/home/ws/.component_workspaces/localization/install/castor_common/share/castor_common/hook/ament_prefix_path.ps1'
[8.163s] INFO:colcon.colcon_core.shell:Creating environment descriptor '/home/ws/.component_workspaces/localization/install/castor_common/share/castor_common/hook/ament_prefix_path.dsv'
[8.163s] INFO:colcon.colcon_core.shell:Creating environment hook '/home/ws/.component_workspaces/localization/install/castor_common/share/castor_common/hook/ament_prefix_path.sh'
[8.163s] INFO:colcon.colcon_core.shell:Skip shell extension 'powershell' for command environment: Not usable outside of PowerShell
[8.163s] DEBUG:colcon.colcon_core.shell:Skip shell extension 'dsv' for command environment
[8.294s] INFO:colcon.colcon_core.task.python.build:Building Python package in '/home/ws/components/common/castor_common'
[8.295s] INFO:colcon.colcon_core.shell:Skip shell extension 'powershell' for command environment: Not usable outside of PowerShell
[8.295s] DEBUG:colcon.colcon_core.shell:Skip shell extension 'dsv' for command environment
[8.552s] DEBUG:colcon.colcon_core.task.python.build:Available setuptools commands: install_headers, bdist, dist_info, setopt, egg_info, install_scripts, build_ext, upload, check, easy_install, clean, register, develop, install_egg_info, bdist_rpm, symlink_data, alias, upload_docs, build, build_scripts, rotate, editable_wheel, install_data, sdist, install_lib, bdist_egg, bdist_dumb, install, test, build_py, saveopts, build_clib
[8.722s] DEBUG:colcon.colcon_core.task.python.build:Available setuptools 'develop' options: --no-find-links, --install-dir, --multi-version, --force-installation-into-system-dir, --allow-hosts, --no-deps, --install-layout, --version, --always-unzip, --local-snapshots-ok, --verbose, --site-dirs, --exclude-scripts, --find-links, --egg-path, --quiet, --index-url, --help, --always-copy, --zip-ok, --optimize, --script-dir, --dry-run, --user, --record, --uninstall, --prefix, --upgrade, --no-user-cfg, --build-directory, --editable
[8.723s] DEBUG:colcon.colcon_core.event_handler.log_command:Invoking command in '/home/ws/.component_workspaces/localization/build/castor_common': AMENT_PREFIX_PATH=/home/ws/.component_workspaces/localization/install/castor_interfaces:${AMENT_PREFIX_PATH} CMAKE_PREFIX_PATH=/home/ws/.component_workspaces/localization/install/castor_interfaces:${CMAKE_PREFIX_PATH} LD_LIBRARY_PATH=/home/ws/.component_workspaces/localization/install/castor_interfaces/lib:${LD_LIBRARY_PATH} PYTHONPATH=/home/ws/.component_workspaces/localization/build/castor_common/prefix_override:/usr/lib/python3/dist-packages/colcon_core/task/python/colcon_distutils_commands:/home/ws/.component_workspaces/localization/install/castor_common/lib/python3.12/site-packages:/home/ws/.component_workspaces/localization/install/castor_interfaces/lib/python3.12/site-packages:${PYTHONPATH} /usr/bin/python3 -W ignore:setup.py install is deprecated -W ignore:easy_install command is deprecated setup.py develop --editable --build-directory /home/ws/.component_workspaces/localization/build/castor_common/build --no-deps symlink_data
[8.993s] Level 1:colcon.colcon_core.shell:create_environment_hook('castor_common', 'pythonpath_develop')
[8.993s] INFO:colcon.colcon_core.shell:Creating environment hook '/home/ws/.component_workspaces/localization/build/castor_common/share/castor_common/hook/pythonpath_develop.ps1'
[8.993s] DEBUG:colcon.colcon_core.event_handler.log_command:Invoked command in '/home/ws/.component_workspaces/localization/build/castor_common' returned '0': AMENT_PREFIX_PATH=/home/ws/.component_workspaces/localization/install/castor_interfaces:${AMENT_PREFIX_PATH} CMAKE_PREFIX_PATH=/home/ws/.component_workspaces/localization/install/castor_interfaces:${CMAKE_PREFIX_PATH} LD_LIBRARY_PATH=/home/ws/.component_workspaces/localization/install/castor_interfaces/lib:${LD_LIBRARY_PATH} PYTHONPATH=/home/ws/.component_workspaces/localization/build/castor_common/prefix_override:/usr/lib/python3/dist-packages/colcon_core/task/python/colcon_distutils_commands:/home/ws/.component_workspaces/localization/install/castor_common/lib/python3.12/site-packages:/home/ws/.component_workspaces/localization/install/castor_interfaces/lib/python3.12/site-packages:${PYTHONPATH} /usr/bin/python3 -W ignore:setup.py install is deprecated -W ignore:easy_install command is deprecated setup.py develop --editable --build-directory /home/ws/.component_workspaces/localization/build/castor_common/build --no-deps symlink_data
[8.994s] INFO:colcon.colcon_core.shell:Creating environment descriptor '/home/ws/.component_workspaces/localization/build/castor_common/share/castor_common/hook/pythonpath_develop.dsv'
[8.994s] INFO:colcon.colcon_core.shell:Creating environment hook '/home/ws/.component_workspaces/localization/build/castor_common/share/castor_common/hook/pythonpath_develop.sh'
[8.994s] Level 1:colcon.colcon_core.environment:checking '/home/ws/.component_workspaces/localization/install/castor_common' for CMake module files
[8.994s] Level 1:colcon.colcon_core.environment:checking '/home/ws/.component_workspaces/localization/install/castor_common' for CMake config files
[8.995s] Level 1:colcon.colcon_core.environment:checking '/home/ws/.component_workspaces/localization/install/castor_common/lib'
[8.995s] Level 1:colcon.colcon_core.environment:checking '/home/ws/.component_workspaces/localization/install/castor_common/bin'
[8.995s] Level 1:colcon.colcon_core.environment:checking '/home/ws/.component_workspaces/localization/install/castor_common/lib/pkgconfig/castor_common.pc'
[8.995s] Level 1:colcon.colcon_core.environment:checking '/home/ws/.component_workspaces/localization/install/castor_common/lib/python3.12/site-packages'
[8.995s] Level 1:colcon.colcon_core.shell:create_environment_hook('castor_common', 'pythonpath')
[8.995s] INFO:colcon.colcon_core.shell:Creating environment hook '/home/ws/.component_workspaces/localization/install/castor_common/share/castor_common/hook/pythonpath.ps1'
[8.995s] INFO:colcon.colcon_core.shell:Creating environment descriptor '/home/ws/.component_workspaces/localization/install/castor_common/share/castor_common/hook/pythonpath.dsv'
[8.995s] INFO:colcon.colcon_core.shell:Creating environment hook '/home/ws/.component_workspaces/localization/install/castor_common/share/castor_common/hook/pythonpath.sh'
[8.996s] Level 1:colcon.colcon_core.environment:checking '/home/ws/.component_workspaces/localization/install/castor_common/bin'
[8.996s] Level 1:colcon.colcon_core.environment:create_environment_scripts_only(castor_common)
[8.996s] INFO:colcon.colcon_core.shell:Creating package script '/home/ws/.component_workspaces/localization/install/castor_common/share/castor_common/package.ps1'
[8.996s] INFO:colcon.colcon_core.shell:Creating package descriptor '/home/ws/.component_workspaces/localization/install/castor_common/share/castor_common/package.dsv'
[8.996s] INFO:colcon.colcon_core.shell:Creating package script '/home/ws/.component_workspaces/localization/install/castor_common/share/castor_common/package.sh'
[8.997s] INFO:colcon.colcon_core.shell:Creating package script '/home/ws/.component_workspaces/localization/install/castor_common/share/castor_common/package.bash'
[8.997s] INFO:colcon.colcon_core.shell:Creating package script '/home/ws/.component_workspaces/localization/install/castor_common/share/castor_common/package.zsh'
[8.997s] Level 1:colcon.colcon_core.environment:create_file_with_runtime_dependencies(/home/ws/.component_workspaces/localization/install/castor_common/share/colcon-core/packages/castor_common)
[8.997s] INFO:colcon.colcon_ros.task.ament_cmake.build:Building ROS package in '/home/ws/components/localization/localization_launch' with build type 'ament_cmake'
[8.997s] INFO:colcon.colcon_cmake.task.cmake.build:Building CMake package in '/home/ws/components/localization/localization_launch'
[8.997s] INFO:colcon.colcon_core.shell:Skip shell extension 'powershell' for command environment: Not usable outside of PowerShell
[8.997s] DEBUG:colcon.colcon_core.shell:Skip shell extension 'dsv' for command environment
[9.007s] DEBUG:colcon.colcon_core.event_handler.log_command:Invoking command in '/home/ws/.component_workspaces/localization/build/localization_launch': AMENT_PREFIX_PATH=/home/ws/.component_workspaces/localization/install/castor_common:/home/ws/.component_workspaces/localization/install/castor_interfaces:${AMENT_PREFIX_PATH} CMAKE_PREFIX_PATH=/home/ws/.component_workspaces/localization/install/castor_interfaces:/opt/castor/common:/opt/ros/jazzy LD_LIBRARY_PATH=/home/ws/.component_workspaces/localization/install/castor_interfaces/lib:${LD_LIBRARY_PATH} PYTHONPATH=/home/ws/.component_workspaces/localization/build/castor_common:/home/ws/.component_workspaces/localization/install/castor_common/lib/python3.12/site-packages:/home/ws/.component_workspaces/localization/install/castor_interfaces/lib/python3.12/site-packages:${PYTHONPATH} /usr/bin/cmake /home/ws/components/localization/localization_launch -DCMAKE_BUILD_TYPE=RelWithDebInfo -DCMAKE_EXPORT_COMPILE_COMMANDS=ON -DAMENT_CMAKE_SYMLINK_INSTALL=1 -DCMAKE_INSTALL_PREFIX=/home/ws/.component_workspaces/localization/install/localization_launch
[9.587s] DEBUG:colcon.colcon_core.event_handler.log_command:Invoked command in '/home/ws/.component_workspaces/localization/build/localization_launch' returned '0': AMENT_PREFIX_PATH=/home/ws/.component_workspaces/localization/install/castor_common:/home/ws/.component_workspaces/localization/install/castor_interfaces:${AMENT_PREFIX_PATH} CMAKE_PREFIX_PATH=/home/ws/.component_workspaces/localization/install/castor_interfaces:/opt/castor/common:/opt/ros/jazzy LD_LIBRARY_PATH=/home/ws/.component_workspaces/localization/install/castor_interfaces/lib:${LD_LIBRARY_PATH} PYTHONPATH=/home/ws/.component_workspaces/localization/build/castor_common:/home/ws/.component_workspaces/localization/install/castor_common/lib/python3.12/site-packages:/home/ws/.component_workspaces/localization/install/castor_interfaces/lib/python3.12/site-packages:${PYTHONPATH} /usr/bin/cmake /home/ws/components/localization/localization_launch -DCMAKE_BUILD_TYPE=RelWithDebInfo -DCMAKE_EXPORT_COMPILE_COMMANDS=ON -DAMENT_CMAKE_SYMLINK_INSTALL=1 -DCMAKE_INSTALL_PREFIX=/home/ws/.component_workspaces/localization/install/localization_launch
[9.587s] DEBUG:colcon.colcon_core.event_handler.log_command:Invoking command in '/home/ws/.component_workspaces/localization/build/localization_launch': AMENT_PREFIX_PATH=/home/ws/.component_workspaces/localization/install/castor_common:/home/ws/.component_workspaces/localization/install/castor_interfaces:${AMENT_PREFIX_PATH} CMAKE_PREFIX_PATH=/home/ws/.component_workspaces/localization/install/castor_interfaces:/opt/castor/common:/opt/ros/jazzy LD_LIBRARY_PATH=/home/ws/.component_workspaces/localization/install/castor_interfaces/lib:${LD_LIBRARY_PATH} PYTHONPATH=/home/ws/.component_workspaces/localization/build/castor_common:/home/ws/.component_workspaces/localization/install/castor_common/lib/python3.12/site-packages:/home/ws/.component_workspaces/localization/install/castor_interfaces/lib/python3.12/site-packages:${PYTHONPATH} /usr/bin/cmake --build /home/ws/.component_workspaces/localization/build/localization_launch -- -j24 -l24
[9.617s] DEBUG:colcon.colcon_core.event_handler.log_command:Invoked command in '/home/ws/.component_workspaces/localization/build/localization_launch' returned '0': AMENT_PREFIX_PATH=/home/ws/.component_workspaces/localization/install/castor_common:/home/ws/.component_workspaces/localization/install/castor_interfaces:${AMENT_PREFIX_PATH} CMAKE_PREFIX_PATH=/home/ws/.component_workspaces/localization/install/castor_interfaces:/opt/castor/common:/opt/ros/jazzy LD_LIBRARY_PATH=/home/ws/.component_workspaces/localization/install/castor_interfaces/lib:${LD_LIBRARY_PATH} PYTHONPATH=/home/ws/.component_workspaces/localization/build/castor_common:/home/ws/.component_workspaces/localization/install/castor_common/lib/python3.12/site-packages:/home/ws/.component_workspaces/localization/install/castor_interfaces/lib/python3.12/site-packages:${PYTHONPATH} /usr/bin/cmake --build /home/ws/.component_workspaces/localization/build/localization_launch -- -j24 -l24
[9.618s] DEBUG:colcon.colcon_core.event_handler.log_command:Invoking command in '/home/ws/.component_workspaces/localization/build/localization_launch': AMENT_PREFIX_PATH=/home/ws/.component_workspaces/localization/install/castor_common:/home/ws/.component_workspaces/localization/install/castor_interfaces:${AMENT_PREFIX_PATH} CMAKE_PREFIX_PATH=/home/ws/.component_workspaces/localization/install/castor_interfaces:/opt/castor/common:/opt/ros/jazzy LD_LIBRARY_PATH=/home/ws/.component_workspaces/localization/install/castor_interfaces/lib:${LD_LIBRARY_PATH} PYTHONPATH=/home/ws/.component_workspaces/localization/build/castor_common:/home/ws/.component_workspaces/localization/install/castor_common/lib/python3.12/site-packages:/home/ws/.component_workspaces/localization/install/castor_interfaces/lib/python3.12/site-packages:${PYTHONPATH} /usr/bin/cmake --install /home/ws/.component_workspaces/localization/build/localization_launch
[9.760s] Level 1:colcon.colcon_core.environment:create_environment_scripts_only(localization_launch)
[9.761s] Level 1:colcon.colcon_core.environment:checking '/home/ws/.component_workspaces/localization/install/localization_launch' for CMake module files
[9.761s] DEBUG:colcon.colcon_core.event_handler.log_command:Invoked command in '/home/ws/.component_workspaces/localization/build/localization_launch' returned '0': AMENT_PREFIX_PATH=/home/ws/.component_workspaces/localization/install/castor_common:/home/ws/.component_workspaces/localization/install/castor_interfaces:${AMENT_PREFIX_PATH} CMAKE_PREFIX_PATH=/home/ws/.component_workspaces/localization/install/castor_interfaces:/opt/castor/common:/opt/ros/jazzy LD_LIBRARY_PATH=/home/ws/.component_workspaces/localization/install/castor_interfaces/lib:${LD_LIBRARY_PATH} PYTHONPATH=/home/ws/.component_workspaces/localization/build/castor_common:/home/ws/.component_workspaces/localization/install/castor_common/lib/python3.12/site-packages:/home/ws/.component_workspaces/localization/install/castor_interfaces/lib/python3.12/site-packages:${PYTHONPATH} /usr/bin/cmake --install /home/ws/.component_workspaces/localization/build/localization_launch
[9.761s] Level 1:colcon.colcon_core.environment:checking '/home/ws/.component_workspaces/localization/install/localization_launch' for CMake config files
[9.762s] Level 1:colcon.colcon_core.shell:create_environment_hook('localization_launch', 'cmake_prefix_path')
[9.762s] INFO:colcon.colcon_core.shell:Creating environment hook '/home/ws/.component_workspaces/localization/install/localization_launch/share/localization_launch/hook/cmake_prefix_path.ps1'
[9.762s] INFO:colcon.colcon_core.shell:Creating environment descriptor '/home/ws/.component_workspaces/localization/install/localization_launch/share/localization_launch/hook/cmake_prefix_path.dsv'
[9.762s] INFO:colcon.colcon_core.shell:Creating environment hook '/home/ws/.component_workspaces/localization/install/localization_launch/share/localization_launch/hook/cmake_prefix_path.sh'
[9.763s] Level 1:colcon.colcon_core.environment:checking '/home/ws/.component_workspaces/localization/install/localization_launch/bin'
[9.763s] Level 1:colcon.colcon_core.environment:checking '/home/ws/.component_workspaces/localization/install/localization_launch/lib/pkgconfig/localization_launch.pc'
[9.763s] Level 1:colcon.colcon_core.environment:checking '/home/ws/.component_workspaces/localization/install/localization_launch/lib/python3.12/site-packages'
[9.763s] Level 1:colcon.colcon_core.environment:checking '/home/ws/.component_workspaces/localization/install/localization_launch/bin'
[9.763s] INFO:colcon.colcon_core.shell:Creating package script '/home/ws/.component_workspaces/localization/install/localization_launch/share/localization_launch/package.ps1'
[9.764s] INFO:colcon.colcon_core.shell:Creating package descriptor '/home/ws/.component_workspaces/localization/install/localization_launch/share/localization_launch/package.dsv'
[9.764s] INFO:colcon.colcon_core.shell:Creating package script '/home/ws/.component_workspaces/localization/install/localization_launch/share/localization_launch/package.sh'
[9.765s] INFO:colcon.colcon_core.shell:Creating package script '/home/ws/.component_workspaces/localization/install/localization_launch/share/localization_launch/package.bash'
[9.765s] INFO:colcon.colcon_core.shell:Creating package script '/home/ws/.component_workspaces/localization/install/localization_launch/share/localization_launch/package.zsh'
[9.765s] Level 1:colcon.colcon_core.environment:create_file_with_runtime_dependencies(/home/ws/.component_workspaces/localization/install/localization_launch/share/colcon-core/packages/localization_launch)
[9.765s] Level 1:colcon.colcon_core.environment:create_environment_scripts_only(localization_launch)
[9.766s] Level 1:colcon.colcon_core.environment:checking '/home/ws/.component_workspaces/localization/install/localization_launch' for CMake module files
[9.766s] Level 1:colcon.colcon_core.environment:checking '/home/ws/.component_workspaces/localization/install/localization_launch' for CMake config files
[9.766s] Level 1:colcon.colcon_core.shell:create_environment_hook('localization_launch', 'cmake_prefix_path')
[9.766s] INFO:colcon.colcon_core.shell:Creating environment hook '/home/ws/.component_workspaces/localization/install/localization_launch/share/localization_launch/hook/cmake_prefix_path.ps1'
[9.767s] INFO:colcon.colcon_core.shell:Creating environment descriptor '/home/ws/.component_workspaces/localization/install/localization_launch/share/localization_launch/hook/cmake_prefix_path.dsv'
[9.767s] INFO:colcon.colcon_core.shell:Creating environment hook '/home/ws/.component_workspaces/localization/install/localization_launch/share/localization_launch/hook/cmake_prefix_path.sh'
[9.767s] Level 1:colcon.colcon_core.environment:checking '/home/ws/.component_workspaces/localization/install/localization_launch/bin'
[9.768s] Level 1:colcon.colcon_core.environment:checking '/home/ws/.component_workspaces/localization/install/localization_launch/lib/pkgconfig/localization_launch.pc'
[9.768s] Level 1:colcon.colcon_core.environment:checking '/home/ws/.component_workspaces/localization/install/localization_launch/lib/python3.12/site-packages'
[9.768s] Level 1:colcon.colcon_core.environment:checking '/home/ws/.component_workspaces/localization/install/localization_launch/bin'
[9.768s] INFO:colcon.colcon_core.shell:Creating package script '/home/ws/.component_workspaces/localization/install/localization_launch/share/localization_launch/package.ps1'
[9.768s] INFO:colcon.colcon_core.shell:Creating package descriptor '/home/ws/.component_workspaces/localization/install/localization_launch/share/localization_launch/package.dsv'
[9.769s] INFO:colcon.colcon_core.shell:Creating package script '/home/ws/.component_workspaces/localization/install/localization_launch/share/localization_launch/package.sh'
[9.769s] INFO:colcon.colcon_core.shell:Creating package script '/home/ws/.component_workspaces/localization/install/localization_launch/share/localization_launch/package.bash'
[9.769s] INFO:colcon.colcon_core.shell:Creating package script '/home/ws/.component_workspaces/localization/install/localization_launch/share/localization_launch/package.zsh'
[9.769s] Level 1:colcon.colcon_core.environment:create_file_with_runtime_dependencies(/home/ws/.component_workspaces/localization/install/localization_launch/share/colcon-core/packages/localization_launch)
[9.769s] DEBUG:colcon.colcon_parallel_executor.executor.parallel:closing loop
[9.769s] DEBUG:colcon.colcon_parallel_executor.executor.parallel:loop closed
[9.769s] DEBUG:colcon.colcon_parallel_executor.executor.parallel:run_until_complete finished with '0'
[9.769s] DEBUG:colcon.colcon_core.event_reactor:joining thread
[9.775s] INFO:colcon.colcon_core.plugin_system:Skipping extension 'colcon_notification.desktop_notification.notify_send': Could not find 'notify-send'
[9.775s] INFO:colcon.colcon_core.plugin_system:Skipping extension 'colcon_notification.desktop_notification.terminal_notifier': Not used on non-Darwin systems
[9.776s] INFO:colcon.colcon_core.plugin_system:Skipping extension 'colcon_notification.desktop_notification.win32': Not used on non-Windows systems
[9.776s] INFO:colcon.colcon_notification.desktop_notification:Sending desktop notification using 'notify2'
[9.776s] DEBUG:colcon.colcon_notification.desktop_notification.notify2:Failed to initialize notify2: org.freedesktop.DBus.Error.InvalidFileContent: D-Bus library appears to be incorrectly set up: see the manual page for dbus-uuidgen to correct this issue. (Failed to open "/var/lib/dbus/machine-id": No such file or directory; UUID file '/etc/machine-id' should contain a hex string of length 32, not length 0, with no other text)
[9.776s] DEBUG:colcon.colcon_core.event_reactor:joined thread
[9.776s] INFO:colcon.colcon_core.shell:Creating prefix script '/home/ws/.component_workspaces/localization/install/local_setup.ps1'
[9.777s] INFO:colcon.colcon_core.shell:Creating prefix util module '/home/ws/.component_workspaces/localization/install/_local_setup_util_ps1.py'
[9.778s] INFO:colcon.colcon_core.shell:Creating prefix chain script '/home/ws/.component_workspaces/localization/install/setup.ps1'
[9.778s] INFO:colcon.colcon_core.shell:Creating prefix script '/home/ws/.component_workspaces/localization/install/local_setup.sh'
[9.779s] INFO:colcon.colcon_core.shell:Creating prefix util module '/home/ws/.component_workspaces/localization/install/_local_setup_util_sh.py'
[9.779s] INFO:colcon.colcon_core.shell:Creating prefix chain script '/home/ws/.component_workspaces/localization/install/setup.sh'
[9.780s] INFO:colcon.colcon_core.shell:Creating prefix script '/home/ws/.component_workspaces/localization/install/local_setup.bash'
[9.780s] INFO:colcon.colcon_core.shell:Creating prefix chain script '/home/ws/.component_workspaces/localization/install/setup.bash'
[9.781s] INFO:colcon.colcon_core.shell:Creating prefix script '/home/ws/.component_workspaces/localization/install/local_setup.zsh'
[9.781s] INFO:colcon.colcon_core.shell:Creating prefix chain script '/home/ws/.component_workspaces/localization/install/setup.zsh'
