-- The C compiler identification is GNU 13.3.0
-- The CXX compiler identification is GNU 13.3.0
-- Detecting C compiler ABI info
-- Detecting C compiler ABI info - done
-- Check for working C compiler: /usr/bin/cc - skipped
-- Detecting C compile features
-- Detecting C compile features - done
-- Detecting CXX compiler ABI info
-- Detecting CXX compiler ABI info - done
-- Check for working CXX compiler: /usr/bin/c++ - skipped
-- Detecting CXX compile features
-- Detecting CXX compile features - done
-- Found ament_cmake: 2.5.6 (/opt/ros/jazzy/share/ament_cmake/cmake)
-- Found Python3: /usr/bin/python3 (found version "3.12.3") found components: Interpreter 
-- Override CMake install command with custom implementation using symlinks instead of copying resources
-- Found rosidl_default_generators: 1.6.1 (/opt/ros/jazzy/share/rosidl_default_generators/cmake)
-- Using all available rosidl_typesupport_c: rosidl_typesupport_fastrtps_c;rosidl_typesupport_introspection_c
-- Using all available rosidl_typesupport_cpp: rosidl_typesupport_fastrtps_cpp;rosidl_typesupport_introspection_cpp
-- Found rosidl_adapter: 4.6.9 (/opt/ros/jazzy/share/rosidl_adapter/cmake)
-- Found builtin_interfaces: 2.0.4 (/opt/ros/jazzy/share/builtin_interfaces/cmake)
-- Found std_msgs: 5.3.8 (/opt/ros/jazzy/share/std_msgs/cmake)
-- Found geometry_msgs: 5.3.8 (/opt/ros/jazzy/share/geometry_msgs/cmake)
-- Found ament_cmake_ros: 0.12.1 (/opt/ros/jazzy/share/ament_cmake_ros/cmake)
-- Using all available rosidl_typesupport_c: rosidl_typesupport_fastrtps_c;rosidl_typesupport_introspection_c
-- Using all available rosidl_typesupport_cpp: rosidl_typesupport_fastrtps_cpp;rosidl_typesupport_introspection_cpp
-- Found python_cmake_module: 0.11.1 (/opt/ros/jazzy/share/python_cmake_module/cmake)
-- Found PythonExtra: /usr/bin/python3  
-- Found Python3: /usr/bin/python3 (found version "3.12.3") found components: Interpreter Development NumPy Development.Module Development.Embed 
-- Found Python3: /usr/bin/python3 (found version "3.12.3") found components: Interpreter 
-- Configuring done (2.4s)
-- Generating done (0.0s)
-- Build files have been written to: /home/ws/.component_workspaces/localization/build/castor_interfaces
[  1%] Generating type hashes for ROS interfaces
[  2%] Generating Rust code for ROS interfaces
[  2%] Built target ament_cmake_python_symlink_castor_interfaces
running egg_info
creating castor_interfaces.egg-info
writing castor_interfaces.egg-info/PKG-INFO
writing dependency_links to castor_interfaces.egg-info/dependency_links.txt
writing top-level names to castor_interfaces.egg-info/top_level.txt
writing manifest file 'castor_interfaces.egg-info/SOURCES.txt'
reading manifest file 'castor_interfaces.egg-info/SOURCES.txt'
writing manifest file 'castor_interfaces.egg-info/SOURCES.txt'
[  2%] Built target ament_cmake_python_build_castor_interfaces_egg
[  2%] Built target castor_interfaces__rosidl_generator_type_description
[  3%] Generating C code for ROS interfaces
[  3%] Built target castor_interfaces__rs
[  4%] Generating C++ code for ROS interfaces
[  4%] Built target castor_interfaces__cpp
[  5%] Building C object CMakeFiles/castor_interfaces__rosidl_generator_c.dir/rosidl_generator_c/castor_interfaces/msg/detail/vehicle_state__functions.c.o
[  7%] Building C object CMakeFiles/castor_interfaces__rosidl_generator_c.dir/rosidl_generator_c/castor_interfaces/msg/detail/vehicle_state__type_support.c.o
[  8%] Building C object CMakeFiles/castor_interfaces__rosidl_generator_c.dir/rosidl_generator_c/castor_interfaces/msg/detail/heartbeat__type_support.c.o
[  9%] Building C object CMakeFiles/castor_interfaces__rosidl_generator_c.dir/rosidl_generator_c/castor_interfaces/msg/detail/heartbeat__description.c.o
[ 10%] Building C object CMakeFiles/castor_interfaces__rosidl_generator_c.dir/rosidl_generator_c/castor_interfaces/msg/detail/position_setpoint__type_support.c.o
[ 14%] Building C object CMakeFiles/castor_interfaces__rosidl_generator_c.dir/rosidl_generator_c/castor_interfaces/msg/detail/heartbeat__functions.c.o
[ 14%] Building C object CMakeFiles/castor_interfaces__rosidl_generator_c.dir/rosidl_generator_c/castor_interfaces/msg/detail/position_setpoint__functions.c.o
[ 14%] Building C object CMakeFiles/castor_interfaces__rosidl_generator_c.dir/rosidl_generator_c/castor_interfaces/msg/detail/position_setpoint__description.c.o
[ 15%] Building C object CMakeFiles/castor_interfaces__rosidl_generator_c.dir/rosidl_generator_c/castor_interfaces/msg/detail/vehicle_state__description.c.o
[ 16%] Building C object CMakeFiles/castor_interfaces__rosidl_generator_c.dir/rosidl_generator_c/castor_interfaces/msg/detail/team_command__description.c.o
[ 17%] Building C object CMakeFiles/castor_interfaces__rosidl_generator_c.dir/rosidl_generator_c/castor_interfaces/msg/detail/supervisor_state__description.c.o
[ 18%] Building C object CMakeFiles/castor_interfaces__rosidl_generator_c.dir/rosidl_generator_c/castor_interfaces/msg/detail/supervisor_state__type_support.c.o
[ 20%] Building C object CMakeFiles/castor_interfaces__rosidl_generator_c.dir/rosidl_generator_c/castor_interfaces/msg/detail/policy_status__description.c.o
[ 21%] Building C object CMakeFiles/castor_interfaces__rosidl_generator_c.dir/rosidl_generator_c/castor_interfaces/msg/detail/supervisor_state__functions.c.o
[ 24%] Building C object CMakeFiles/castor_interfaces__rosidl_generator_c.dir/rosidl_generator_c/castor_interfaces/msg/detail/team_command__functions.c.o
[ 24%] Building C object CMakeFiles/castor_interfaces__rosidl_generator_c.dir/rosidl_generator_c/castor_interfaces/msg/detail/policy_status__functions.c.o
[ 25%] Building C object CMakeFiles/castor_interfaces__rosidl_generator_c.dir/rosidl_generator_c/castor_interfaces/msg/detail/policy_status__type_support.c.o
[ 25%] Building C object CMakeFiles/castor_interfaces__rosidl_generator_c.dir/rosidl_generator_c/castor_interfaces/msg/detail/team_command__type_support.c.o
[ 27%] Linking C shared library libcastor_interfaces__rosidl_generator_c.so
[ 27%] Built target castor_interfaces__rosidl_generator_c
[ 28%] Generating C type support dispatch for ROS interfaces
[ 29%] Generating C introspection for ROS interfaces
[ 30%] Generating C type support for eProsima Fast-RTPS
[ 31%] Generating C++ type support for eProsima Fast-RTPS
[ 32%] Generating C++ type support dispatch for ROS interfaces
[ 34%] Generating C++ introspection for ROS interfaces
[ 35%] Building CXX object CMakeFiles/castor_interfaces__rosidl_typesupport_c.dir/rosidl_typesupport_c/castor_interfaces/msg/team_command__type_support.cpp.o
[ 36%] Building CXX object CMakeFiles/castor_interfaces__rosidl_typesupport_c.dir/rosidl_typesupport_c/castor_interfaces/msg/policy_status__type_support.cpp.o
[ 37%] Building CXX object CMakeFiles/castor_interfaces__rosidl_typesupport_c.dir/rosidl_typesupport_c/castor_interfaces/msg/heartbeat__type_support.cpp.o
[ 38%] Building CXX object CMakeFiles/castor_interfaces__rosidl_typesupport_c.dir/rosidl_typesupport_c/castor_interfaces/msg/vehicle_state__type_support.cpp.o
[ 40%] Building CXX object CMakeFiles/castor_interfaces__rosidl_typesupport_c.dir/rosidl_typesupport_c/castor_interfaces/msg/position_setpoint__type_support.cpp.o
[ 41%] Building CXX object CMakeFiles/castor_interfaces__rosidl_typesupport_c.dir/rosidl_typesupport_c/castor_interfaces/msg/supervisor_state__type_support.cpp.o
[ 42%] Building CXX object CMakeFiles/castor_interfaces__rosidl_typesupport_cpp.dir/rosidl_typesupport_cpp/castor_interfaces/msg/heartbeat__type_support.cpp.o
[ 44%] Building CXX object CMakeFiles/castor_interfaces__rosidl_typesupport_cpp.dir/rosidl_typesupport_cpp/castor_interfaces/msg/team_command__type_support.cpp.o
[ 44%] Building CXX object CMakeFiles/castor_interfaces__rosidl_typesupport_cpp.dir/rosidl_typesupport_cpp/castor_interfaces/msg/vehicle_state__type_support.cpp.o
[ 45%] Building CXX object CMakeFiles/castor_interfaces__rosidl_typesupport_cpp.dir/rosidl_typesupport_cpp/castor_interfaces/msg/position_setpoint__type_support.cpp.o
[ 47%] Building CXX object CMakeFiles/castor_interfaces__rosidl_typesupport_cpp.dir/rosidl_typesupport_cpp/castor_interfaces/msg/supervisor_state__type_support.cpp.o
[ 48%] Building CXX object CMakeFiles/castor_interfaces__rosidl_typesupport_cpp.dir/rosidl_typesupport_cpp/castor_interfaces/msg/policy_status__type_support.cpp.o
[ 49%] Building CXX object CMakeFiles/castor_interfaces__rosidl_typesupport_introspection_cpp.dir/rosidl_typesupport_introspection_cpp/castor_interfaces/msg/detail/supervisor_state__type_support.cpp.o
[ 50%] Building CXX object CMakeFiles/castor_interfaces__rosidl_typesupport_introspection_cpp.dir/rosidl_typesupport_introspection_cpp/castor_interfaces/msg/detail/vehicle_state__type_support.cpp.o
[ 51%] Building CXX object CMakeFiles/castor_interfaces__rosidl_typesupport_introspection_cpp.dir/rosidl_typesupport_introspection_cpp/castor_interfaces/msg/detail/heartbeat__type_support.cpp.o
[ 52%] Building CXX object CMakeFiles/castor_interfaces__rosidl_typesupport_introspection_cpp.dir/rosidl_typesupport_introspection_cpp/castor_interfaces/msg/detail/team_command__type_support.cpp.o
[ 54%] Building CXX object CMakeFiles/castor_interfaces__rosidl_typesupport_introspection_cpp.dir/rosidl_typesupport_introspection_cpp/castor_interfaces/msg/detail/position_setpoint__type_support.cpp.o
[ 55%] Building CXX object CMakeFiles/castor_interfaces__rosidl_typesupport_introspection_cpp.dir/rosidl_typesupport_introspection_cpp/castor_interfaces/msg/detail/policy_status__type_support.cpp.o
[ 56%] Linking CXX shared library libcastor_interfaces__rosidl_typesupport_c.so
[ 56%] Built target castor_interfaces__rosidl_typesupport_c
[ 62%] Building C object CMakeFiles/castor_interfaces__rosidl_typesupport_introspection_c.dir/rosidl_typesupport_introspection_c/castor_interfaces/msg/detail/policy_status__type_support.c.o
[ 62%] Building C object CMakeFiles/castor_interfaces__rosidl_typesupport_introspection_c.dir/rosidl_typesupport_introspection_c/castor_interfaces/msg/detail/team_command__type_support.c.o
[ 62%] Building C object CMakeFiles/castor_interfaces__rosidl_typesupport_introspection_c.dir/rosidl_typesupport_introspection_c/castor_interfaces/msg/detail/heartbeat__type_support.c.o
[ 62%] Building C object CMakeFiles/castor_interfaces__rosidl_typesupport_introspection_c.dir/rosidl_typesupport_introspection_c/castor_interfaces/msg/detail/vehicle_state__type_support.c.o
[ 62%] Building C object CMakeFiles/castor_interfaces__rosidl_typesupport_introspection_c.dir/rosidl_typesupport_introspection_c/castor_interfaces/msg/detail/position_setpoint__type_support.c.o
[ 63%] Building C object CMakeFiles/castor_interfaces__rosidl_typesupport_introspection_c.dir/rosidl_typesupport_introspection_c/castor_interfaces/msg/detail/supervisor_state__type_support.c.o
[ 64%] Linking C shared library libcastor_interfaces__rosidl_typesupport_introspection_c.so
[ 67%] Building CXX object CMakeFiles/castor_interfaces__rosidl_typesupport_fastrtps_c.dir/rosidl_typesupport_fastrtps_c/castor_interfaces/msg/detail/heartbeat__type_support_c.cpp.o
[ 67%] Building CXX object CMakeFiles/castor_interfaces__rosidl_typesupport_fastrtps_c.dir/rosidl_typesupport_fastrtps_c/castor_interfaces/msg/detail/vehicle_state__type_support_c.cpp.o
[ 68%] Building CXX object CMakeFiles/castor_interfaces__rosidl_typesupport_fastrtps_c.dir/rosidl_typesupport_fastrtps_c/castor_interfaces/msg/detail/position_setpoint__type_support_c.cpp.o
[ 70%] Building CXX object CMakeFiles/castor_interfaces__rosidl_typesupport_fastrtps_c.dir/rosidl_typesupport_fastrtps_c/castor_interfaces/msg/detail/supervisor_state__type_support_c.cpp.o
[ 70%] Building CXX object CMakeFiles/castor_interfaces__rosidl_typesupport_fastrtps_c.dir/rosidl_typesupport_fastrtps_c/castor_interfaces/msg/detail/policy_status__type_support_c.cpp.o
[ 74%] Building CXX object CMakeFiles/castor_interfaces__rosidl_typesupport_fastrtps_cpp.dir/rosidl_typesupport_fastrtps_cpp/castor_interfaces/msg/detail/dds_fastrtps/position_setpoint__type_support.cpp.o
[ 74%] Building CXX object CMakeFiles/castor_interfaces__rosidl_typesupport_fastrtps_cpp.dir/rosidl_typesupport_fastrtps_cpp/castor_interfaces/msg/detail/dds_fastrtps/heartbeat__type_support.cpp.o
[ 74%] Building CXX object CMakeFiles/castor_interfaces__rosidl_typesupport_fastrtps_cpp.dir/rosidl_typesupport_fastrtps_cpp/castor_interfaces/msg/detail/dds_fastrtps/team_command__type_support.cpp.o
[ 75%] Building CXX object CMakeFiles/castor_interfaces__rosidl_typesupport_fastrtps_cpp.dir/rosidl_typesupport_fastrtps_cpp/castor_interfaces/msg/detail/dds_fastrtps/vehicle_state__type_support.cpp.o
[ 76%] Building CXX object CMakeFiles/castor_interfaces__rosidl_typesupport_fastrtps_c.dir/rosidl_typesupport_fastrtps_c/castor_interfaces/msg/detail/team_command__type_support_c.cpp.o
[ 77%] Building CXX object CMakeFiles/castor_interfaces__rosidl_typesupport_fastrtps_cpp.dir/rosidl_typesupport_fastrtps_cpp/castor_interfaces/msg/detail/dds_fastrtps/supervisor_state__type_support.cpp.o
[ 77%] Built target castor_interfaces__rosidl_typesupport_introspection_c
[ 78%] Building CXX object CMakeFiles/castor_interfaces__rosidl_typesupport_fastrtps_cpp.dir/rosidl_typesupport_fastrtps_cpp/castor_interfaces/msg/detail/dds_fastrtps/policy_status__type_support.cpp.o
[ 80%] Linking CXX shared library libcastor_interfaces__rosidl_typesupport_cpp.so
[ 80%] Built target castor_interfaces__rosidl_typesupport_cpp
[ 81%] Linking CXX shared library libcastor_interfaces__rosidl_typesupport_introspection_cpp.so
[ 81%] Built target castor_interfaces__rosidl_typesupport_introspection_cpp
[ 82%] Linking CXX shared library libcastor_interfaces__rosidl_typesupport_fastrtps_c.so
[ 82%] Built target castor_interfaces__rosidl_typesupport_fastrtps_c
[ 83%] Linking CXX shared library libcastor_interfaces__rosidl_typesupport_fastrtps_cpp.so
[ 83%] Built target castor_interfaces__rosidl_typesupport_fastrtps_cpp
[ 83%] Built target castor_interfaces
[ 84%] Generating Python code for ROS interfaces
[ 84%] Built target castor_interfaces__py
[ 85%] Building C object CMakeFiles/castor_interfaces__rosidl_generator_py.dir/rosidl_generator_py/castor_interfaces/msg/_heartbeat_s.c.o
[ 87%] Building C object CMakeFiles/castor_interfaces__rosidl_generator_py.dir/rosidl_generator_py/castor_interfaces/msg/_position_setpoint_s.c.o
[ 88%] Building C object CMakeFiles/castor_interfaces__rosidl_generator_py.dir/rosidl_generator_py/castor_interfaces/msg/_supervisor_state_s.c.o
[ 89%] Building C object CMakeFiles/castor_interfaces__rosidl_generator_py.dir/rosidl_generator_py/castor_interfaces/msg/_vehicle_state_s.c.o
[ 90%] Building C object CMakeFiles/castor_interfaces__rosidl_generator_py.dir/rosidl_generator_py/castor_interfaces/msg/_team_command_s.c.o
[ 91%] Building C object CMakeFiles/castor_interfaces__rosidl_generator_py.dir/rosidl_generator_py/castor_interfaces/msg/_policy_status_s.c.o
[ 92%] Linking C shared library libcastor_interfaces__rosidl_generator_py.so
[ 92%] Built target castor_interfaces__rosidl_generator_py
[ 94%] Building C object CMakeFiles/castor_interfaces_s__rosidl_typesupport_introspection_c.dir/rosidl_generator_py/castor_interfaces/_castor_interfaces_s.ep.rosidl_typesupport_introspection_c.c.o
[ 95%] Building C object CMakeFiles/castor_interfaces_s__rosidl_typesupport_c.dir/rosidl_generator_py/castor_interfaces/_castor_interfaces_s.ep.rosidl_typesupport_c.c.o
[ 96%] Building C object CMakeFiles/castor_interfaces_s__rosidl_typesupport_fastrtps_c.dir/rosidl_generator_py/castor_interfaces/_castor_interfaces_s.ep.rosidl_typesupport_fastrtps_c.c.o
[ 98%] Linking C shared module rosidl_generator_py/castor_interfaces/castor_interfaces_s__rosidl_typesupport_c.so
[ 98%] Linking C shared module rosidl_generator_py/castor_interfaces/castor_interfaces_s__rosidl_typesupport_introspection_c.so
[100%] Linking C shared module rosidl_generator_py/castor_interfaces/castor_interfaces_s__rosidl_typesupport_fastrtps_c.so
[100%] Built target castor_interfaces_s__rosidl_typesupport_introspection_c
[100%] Built target castor_interfaces_s__rosidl_typesupport_fastrtps_c
[100%] Built target castor_interfaces_s__rosidl_typesupport_c
-- Install configuration: "RelWithDebInfo"
-- Execute custom install script
-- Symlinking: /home/ws/.component_workspaces/localization/install/castor_interfaces/share/ament_index/resource_index/rosidl_interfaces/castor_interfaces
-- Symlinking: /home/ws/.component_workspaces/localization/install/castor_interfaces/share/castor_interfaces/msg/Heartbeat.json
-- Symlinking: /home/ws/.component_workspaces/localization/install/castor_interfaces/share/castor_interfaces/msg/VehicleState.json
-- Symlinking: /home/ws/.component_workspaces/localization/install/castor_interfaces/share/castor_interfaces/msg/PositionSetpoint.json
-- Symlinking: /home/ws/.component_workspaces/localization/install/castor_interfaces/share/castor_interfaces/msg/TeamCommand.json
-- Symlinking: /home/ws/.component_workspaces/localization/install/castor_interfaces/share/castor_interfaces/msg/SupervisorState.json
-- Symlinking: /home/ws/.component_workspaces/localization/install/castor_interfaces/share/castor_interfaces/msg/PolicyStatus.json
-- Symlinking: /home/ws/.component_workspaces/localization/install/castor_interfaces/include/castor_interfaces/castor_interfaces/msg/detail/heartbeat__functions.h
-- Symlinking: /home/ws/.component_workspaces/localization/install/castor_interfaces/include/castor_interfaces/castor_interfaces/msg/detail/heartbeat__struct.h
-- Symlinking: /home/ws/.component_workspaces/localization/install/castor_interfaces/include/castor_interfaces/castor_interfaces/msg/detail/heartbeat__type_support.h
-- Symlinking: /home/ws/.component_workspaces/localization/install/castor_interfaces/include/castor_interfaces/castor_interfaces/msg/detail/policy_status__functions.h
-- Symlinking: /home/ws/.component_workspaces/localization/install/castor_interfaces/include/castor_interfaces/castor_interfaces/msg/detail/policy_status__struct.h
-- Symlinking: /home/ws/.component_workspaces/localization/install/castor_interfaces/include/castor_interfaces/castor_interfaces/msg/detail/policy_status__type_support.h
-- Symlinking: /home/ws/.component_workspaces/localization/install/castor_interfaces/include/castor_interfaces/castor_interfaces/msg/detail/position_setpoint__functions.h
-- Symlinking: /home/ws/.component_workspaces/localization/install/castor_interfaces/include/castor_interfaces/castor_interfaces/msg/detail/position_setpoint__struct.h
-- Symlinking: /home/ws/.component_workspaces/localization/install/castor_interfaces/include/castor_interfaces/castor_interfaces/msg/detail/position_setpoint__type_support.h
-- Symlinking: /home/ws/.component_workspaces/localization/install/castor_interfaces/include/castor_interfaces/castor_interfaces/msg/detail/supervisor_state__functions.h
-- Symlinking: /home/ws/.component_workspaces/localization/install/castor_interfaces/include/castor_interfaces/castor_interfaces/msg/detail/supervisor_state__struct.h
-- Symlinking: /home/ws/.component_workspaces/localization/install/castor_interfaces/include/castor_interfaces/castor_interfaces/msg/detail/supervisor_state__type_support.h
-- Symlinking: /home/ws/.component_workspaces/localization/install/castor_interfaces/include/castor_interfaces/castor_interfaces/msg/detail/team_command__functions.h
-- Symlinking: /home/ws/.component_workspaces/localization/install/castor_interfaces/include/castor_interfaces/castor_interfaces/msg/detail/team_command__struct.h
-- Symlinking: /home/ws/.component_workspaces/localization/install/castor_interfaces/include/castor_interfaces/castor_interfaces/msg/detail/team_command__type_support.h
-- Symlinking: /home/ws/.component_workspaces/localization/install/castor_interfaces/include/castor_interfaces/castor_interfaces/msg/detail/vehicle_state__functions.h
-- Symlinking: /home/ws/.component_workspaces/localization/install/castor_interfaces/include/castor_interfaces/castor_interfaces/msg/detail/vehicle_state__struct.h
-- Symlinking: /home/ws/.component_workspaces/localization/install/castor_interfaces/include/castor_interfaces/castor_interfaces/msg/detail/vehicle_state__type_support.h
-- Symlinking: /home/ws/.component_workspaces/localization/install/castor_interfaces/include/castor_interfaces/castor_interfaces/msg/heartbeat.h
-- Symlinking: /home/ws/.component_workspaces/localization/install/castor_interfaces/include/castor_interfaces/castor_interfaces/msg/policy_status.h
-- Symlinking: /home/ws/.component_workspaces/localization/install/castor_interfaces/include/castor_interfaces/castor_interfaces/msg/position_setpoint.h
-- Symlinking: /home/ws/.component_workspaces/localization/install/castor_interfaces/include/castor_interfaces/castor_interfaces/msg/rosidl_generator_c__visibility_control.h
-- Symlinking: /home/ws/.component_workspaces/localization/install/castor_interfaces/include/castor_interfaces/castor_interfaces/msg/supervisor_state.h
-- Symlinking: /home/ws/.component_workspaces/localization/install/castor_interfaces/include/castor_interfaces/castor_interfaces/msg/team_command.h
-- Symlinking: /home/ws/.component_workspaces/localization/install/castor_interfaces/include/castor_interfaces/castor_interfaces/msg/vehicle_state.h
-- Symlinking: /home/ws/.component_workspaces/localization/install/castor_interfaces/share/castor_interfaces/environment/library_path.sh
-- Symlinking: /home/ws/.component_workspaces/localization/install/castor_interfaces/share/castor_interfaces/environment/library_path.dsv
-- Symlinking: /home/ws/.component_workspaces/localization/install/castor_interfaces/include/castor_interfaces/castor_interfaces/msg/detail/heartbeat__rosidl_typesupport_fastrtps_c.h
-- Symlinking: /home/ws/.component_workspaces/localization/install/castor_interfaces/include/castor_interfaces/castor_interfaces/msg/detail/policy_status__rosidl_typesupport_fastrtps_c.h
-- Symlinking: /home/ws/.component_workspaces/localization/install/castor_interfaces/include/castor_interfaces/castor_interfaces/msg/detail/position_setpoint__rosidl_typesupport_fastrtps_c.h
-- Symlinking: /home/ws/.component_workspaces/localization/install/castor_interfaces/include/castor_interfaces/castor_interfaces/msg/detail/supervisor_state__rosidl_typesupport_fastrtps_c.h
-- Symlinking: /home/ws/.component_workspaces/localization/install/castor_interfaces/include/castor_interfaces/castor_interfaces/msg/detail/team_command__rosidl_typesupport_fastrtps_c.h
-- Symlinking: /home/ws/.component_workspaces/localization/install/castor_interfaces/include/castor_interfaces/castor_interfaces/msg/detail/vehicle_state__rosidl_typesupport_fastrtps_c.h
-- Symlinking: /home/ws/.component_workspaces/localization/install/castor_interfaces/include/castor_interfaces/castor_interfaces/msg/rosidl_typesupport_fastrtps_c__visibility_control.h
-- Symlinking: /home/ws/.component_workspaces/localization/install/castor_interfaces/include/castor_interfaces/castor_interfaces/msg/detail/heartbeat__rosidl_typesupport_introspection_c.h
-- Symlinking: /home/ws/.component_workspaces/localization/install/castor_interfaces/include/castor_interfaces/castor_interfaces/msg/detail/policy_status__rosidl_typesupport_introspection_c.h
-- Symlinking: /home/ws/.component_workspaces/localization/install/castor_interfaces/include/castor_interfaces/castor_interfaces/msg/detail/position_setpoint__rosidl_typesupport_introspection_c.h
-- Symlinking: /home/ws/.component_workspaces/localization/install/castor_interfaces/include/castor_interfaces/castor_interfaces/msg/detail/supervisor_state__rosidl_typesupport_introspection_c.h
-- Symlinking: /home/ws/.component_workspaces/localization/install/castor_interfaces/include/castor_interfaces/castor_interfaces/msg/detail/team_command__rosidl_typesupport_introspection_c.h
-- Symlinking: /home/ws/.component_workspaces/localization/install/castor_interfaces/include/castor_interfaces/castor_interfaces/msg/detail/vehicle_state__rosidl_typesupport_introspection_c.h
-- Symlinking: /home/ws/.component_workspaces/localization/install/castor_interfaces/include/castor_interfaces/castor_interfaces/msg/rosidl_typesupport_introspection_c__visibility_control.h
-- Symlinking: /home/ws/.component_workspaces/localization/install/castor_interfaces/include/castor_interfaces/castor_interfaces/msg/detail/heartbeat__builder.hpp
-- Symlinking: /home/ws/.component_workspaces/localization/install/castor_interfaces/include/castor_interfaces/castor_interfaces/msg/detail/heartbeat__struct.hpp
-- Symlinking: /home/ws/.component_workspaces/localization/install/castor_interfaces/include/castor_interfaces/castor_interfaces/msg/detail/heartbeat__traits.hpp
-- Symlinking: /home/ws/.component_workspaces/localization/install/castor_interfaces/include/castor_interfaces/castor_interfaces/msg/detail/heartbeat__type_support.hpp
-- Symlinking: /home/ws/.component_workspaces/localization/install/castor_interfaces/include/castor_interfaces/castor_interfaces/msg/detail/policy_status__builder.hpp
-- Symlinking: /home/ws/.component_workspaces/localization/install/castor_interfaces/include/castor_interfaces/castor_interfaces/msg/detail/policy_status__struct.hpp
-- Symlinking: /home/ws/.component_workspaces/localization/install/castor_interfaces/include/castor_interfaces/castor_interfaces/msg/detail/policy_status__traits.hpp
-- Symlinking: /home/ws/.component_workspaces/localization/install/castor_interfaces/include/castor_interfaces/castor_interfaces/msg/detail/policy_status__type_support.hpp
-- Symlinking: /home/ws/.component_workspaces/localization/install/castor_interfaces/include/castor_interfaces/castor_interfaces/msg/detail/position_setpoint__builder.hpp
-- Symlinking: /home/ws/.component_workspaces/localization/install/castor_interfaces/include/castor_interfaces/castor_interfaces/msg/detail/position_setpoint__struct.hpp
-- Symlinking: /home/ws/.component_workspaces/localization/install/castor_interfaces/include/castor_interfaces/castor_interfaces/msg/detail/position_setpoint__traits.hpp
-- Symlinking: /home/ws/.component_workspaces/localization/install/castor_interfaces/include/castor_interfaces/castor_interfaces/msg/detail/position_setpoint__type_support.hpp
-- Symlinking: /home/ws/.component_workspaces/localization/install/castor_interfaces/include/castor_interfaces/castor_interfaces/msg/detail/supervisor_state__builder.hpp
-- Symlinking: /home/ws/.component_workspaces/localization/install/castor_interfaces/include/castor_interfaces/castor_interfaces/msg/detail/supervisor_state__struct.hpp
-- Symlinking: /home/ws/.component_workspaces/localization/install/castor_interfaces/include/castor_interfaces/castor_interfaces/msg/detail/supervisor_state__traits.hpp
-- Symlinking: /home/ws/.component_workspaces/localization/install/castor_interfaces/include/castor_interfaces/castor_interfaces/msg/detail/supervisor_state__type_support.hpp
-- Symlinking: /home/ws/.component_workspaces/localization/install/castor_interfaces/include/castor_interfaces/castor_interfaces/msg/detail/team_command__builder.hpp
-- Symlinking: /home/ws/.component_workspaces/localization/install/castor_interfaces/include/castor_interfaces/castor_interfaces/msg/detail/team_command__struct.hpp
-- Symlinking: /home/ws/.component_workspaces/localization/install/castor_interfaces/include/castor_interfaces/castor_interfaces/msg/detail/team_command__traits.hpp
-- Symlinking: /home/ws/.component_workspaces/localization/install/castor_interfaces/include/castor_interfaces/castor_interfaces/msg/detail/team_command__type_support.hpp
-- Symlinking: /home/ws/.component_workspaces/localization/install/castor_interfaces/include/castor_interfaces/castor_interfaces/msg/detail/vehicle_state__builder.hpp
-- Symlinking: /home/ws/.component_workspaces/localization/install/castor_interfaces/include/castor_interfaces/castor_interfaces/msg/detail/vehicle_state__struct.hpp
-- Symlinking: /home/ws/.component_workspaces/localization/install/castor_interfaces/include/castor_interfaces/castor_interfaces/msg/detail/vehicle_state__traits.hpp
-- Symlinking: /home/ws/.component_workspaces/localization/install/castor_interfaces/include/castor_interfaces/castor_interfaces/msg/detail/vehicle_state__type_support.hpp
-- Symlinking: /home/ws/.component_workspaces/localization/install/castor_interfaces/include/castor_interfaces/castor_interfaces/msg/heartbeat.hpp
-- Symlinking: /home/ws/.component_workspaces/localization/install/castor_interfaces/include/castor_interfaces/castor_interfaces/msg/policy_status.hpp
-- Symlinking: /home/ws/.component_workspaces/localization/install/castor_interfaces/include/castor_interfaces/castor_interfaces/msg/position_setpoint.hpp
-- Symlinking: /home/ws/.component_workspaces/localization/install/castor_interfaces/include/castor_interfaces/castor_interfaces/msg/rosidl_generator_cpp__visibility_control.hpp
-- Symlinking: /home/ws/.component_workspaces/localization/install/castor_interfaces/include/castor_interfaces/castor_interfaces/msg/supervisor_state.hpp
-- Symlinking: /home/ws/.component_workspaces/localization/install/castor_interfaces/include/castor_interfaces/castor_interfaces/msg/team_command.hpp
-- Symlinking: /home/ws/.component_workspaces/localization/install/castor_interfaces/include/castor_interfaces/castor_interfaces/msg/vehicle_state.hpp
-- Symlinking: /home/ws/.component_workspaces/localization/install/castor_interfaces/include/castor_interfaces/castor_interfaces/msg/detail/heartbeat__rosidl_typesupport_fastrtps_cpp.hpp
-- Symlinking: /home/ws/.component_workspaces/localization/install/castor_interfaces/include/castor_interfaces/castor_interfaces/msg/detail/policy_status__rosidl_typesupport_fastrtps_cpp.hpp
-- Symlinking: /home/ws/.component_workspaces/localization/install/castor_interfaces/include/castor_interfaces/castor_interfaces/msg/detail/position_setpoint__rosidl_typesupport_fastrtps_cpp.hpp
-- Symlinking: /home/ws/.component_workspaces/localization/install/castor_interfaces/include/castor_interfaces/castor_interfaces/msg/detail/supervisor_state__rosidl_typesupport_fastrtps_cpp.hpp
-- Symlinking: /home/ws/.component_workspaces/localization/install/castor_interfaces/include/castor_interfaces/castor_interfaces/msg/detail/team_command__rosidl_typesupport_fastrtps_cpp.hpp
-- Symlinking: /home/ws/.component_workspaces/localization/install/castor_interfaces/include/castor_interfaces/castor_interfaces/msg/detail/vehicle_state__rosidl_typesupport_fastrtps_cpp.hpp
-- Symlinking: /home/ws/.component_workspaces/localization/install/castor_interfaces/include/castor_interfaces/castor_interfaces/msg/rosidl_typesupport_fastrtps_cpp__visibility_control.h
-- Symlinking: /home/ws/.component_workspaces/localization/install/castor_interfaces/include/castor_interfaces/castor_interfaces/msg/detail/heartbeat__rosidl_typesupport_introspection_cpp.hpp
-- Symlinking: /home/ws/.component_workspaces/localization/install/castor_interfaces/include/castor_interfaces/castor_interfaces/msg/detail/policy_status__rosidl_typesupport_introspection_cpp.hpp
-- Symlinking: /home/ws/.component_workspaces/localization/install/castor_interfaces/include/castor_interfaces/castor_interfaces/msg/detail/position_setpoint__rosidl_typesupport_introspection_cpp.hpp
-- Symlinking: /home/ws/.component_workspaces/localization/install/castor_interfaces/include/castor_interfaces/castor_interfaces/msg/detail/supervisor_state__rosidl_typesupport_introspection_cpp.hpp
-- Symlinking: /home/ws/.component_workspaces/localization/install/castor_interfaces/include/castor_interfaces/castor_interfaces/msg/detail/team_command__rosidl_typesupport_introspection_cpp.hpp
-- Symlinking: /home/ws/.component_workspaces/localization/install/castor_interfaces/include/castor_interfaces/castor_interfaces/msg/detail/vehicle_state__rosidl_typesupport_introspection_cpp.hpp
-- Symlinking: /home/ws/.component_workspaces/localization/install/castor_interfaces/share/castor_interfaces/environment/pythonpath.sh
-- Symlinking: /home/ws/.component_workspaces/localization/install/castor_interfaces/share/castor_interfaces/environment/pythonpath.dsv
-- Symlinking: /home/ws/.component_workspaces/localization/install/castor_interfaces/lib/python3.12/site-packages/castor_interfaces-0.1.0-py3.12.egg-info/PKG-INFO
-- Symlinking: /home/ws/.component_workspaces/localization/install/castor_interfaces/lib/python3.12/site-packages/castor_interfaces-0.1.0-py3.12.egg-info/SOURCES.txt
-- Symlinking: /home/ws/.component_workspaces/localization/install/castor_interfaces/lib/python3.12/site-packages/castor_interfaces-0.1.0-py3.12.egg-info/dependency_links.txt
-- Symlinking: /home/ws/.component_workspaces/localization/install/castor_interfaces/lib/python3.12/site-packages/castor_interfaces-0.1.0-py3.12.egg-info/top_level.txt
-- Symlinking: /home/ws/.component_workspaces/localization/install/castor_interfaces/lib/python3.12/site-packages/castor_interfaces/__init__.py
-- Symlinking: /home/ws/.component_workspaces/localization/install/castor_interfaces/lib/python3.12/site-packages/castor_interfaces/_castor_interfaces_s.ep.rosidl_typesupport_c.c
-- Symlinking: /home/ws/.component_workspaces/localization/install/castor_interfaces/lib/python3.12/site-packages/castor_interfaces/_castor_interfaces_s.ep.rosidl_typesupport_fastrtps_c.c
-- Symlinking: /home/ws/.component_workspaces/localization/install/castor_interfaces/lib/python3.12/site-packages/castor_interfaces/_castor_interfaces_s.ep.rosidl_typesupport_introspection_c.c
-- Symlinking: /home/ws/.component_workspaces/localization/install/castor_interfaces/lib/python3.12/site-packages/castor_interfaces/castor_interfaces_s__rosidl_typesupport_c.so
-- Symlinking: /home/ws/.component_workspaces/localization/install/castor_interfaces/lib/python3.12/site-packages/castor_interfaces/castor_interfaces_s__rosidl_typesupport_fastrtps_c.so
-- Symlinking: /home/ws/.component_workspaces/localization/install/castor_interfaces/lib/python3.12/site-packages/castor_interfaces/castor_interfaces_s__rosidl_typesupport_introspection_c.so
-- Symlinking: /home/ws/.component_workspaces/localization/install/castor_interfaces/lib/python3.12/site-packages/castor_interfaces/msg/__init__.py
-- Symlinking: /home/ws/.component_workspaces/localization/install/castor_interfaces/lib/python3.12/site-packages/castor_interfaces/msg/_heartbeat.py
-- Symlinking: /home/ws/.component_workspaces/localization/install/castor_interfaces/lib/python3.12/site-packages/castor_interfaces/msg/_heartbeat_s.c
-- Symlinking: /home/ws/.component_workspaces/localization/install/castor_interfaces/lib/python3.12/site-packages/castor_interfaces/msg/_policy_status.py
-- Symlinking: /home/ws/.component_workspaces/localization/install/castor_interfaces/lib/python3.12/site-packages/castor_interfaces/msg/_policy_status_s.c
-- Symlinking: /home/ws/.component_workspaces/localization/install/castor_interfaces/lib/python3.12/site-packages/castor_interfaces/msg/_position_setpoint.py
-- Symlinking: /home/ws/.component_workspaces/localization/install/castor_interfaces/lib/python3.12/site-packages/castor_interfaces/msg/_position_setpoint_s.c
-- Symlinking: /home/ws/.component_workspaces/localization/install/castor_interfaces/lib/python3.12/site-packages/castor_interfaces/msg/_supervisor_state.py
-- Symlinking: /home/ws/.component_workspaces/localization/install/castor_interfaces/lib/python3.12/site-packages/castor_interfaces/msg/_supervisor_state_s.c
-- Symlinking: /home/ws/.component_workspaces/localization/install/castor_interfaces/lib/python3.12/site-packages/castor_interfaces/msg/_team_command.py
-- Symlinking: /home/ws/.component_workspaces/localization/install/castor_interfaces/lib/python3.12/site-packages/castor_interfaces/msg/_team_command_s.c
-- Symlinking: /home/ws/.component_workspaces/localization/install/castor_interfaces/lib/python3.12/site-packages/castor_interfaces/msg/_vehicle_state.py
-- Symlinking: /home/ws/.component_workspaces/localization/install/castor_interfaces/lib/python3.12/site-packages/castor_interfaces/msg/_vehicle_state_s.c
-- Up-to-date symlink: /home/ws/.component_workspaces/localization/install/castor_interfaces/lib/python3.12/site-packages/castor_interfaces/castor_interfaces_s__rosidl_typesupport_fastrtps_c.so
-- Up-to-date symlink: /home/ws/.component_workspaces/localization/install/castor_interfaces/lib/python3.12/site-packages/castor_interfaces/castor_interfaces_s__rosidl_typesupport_introspection_c.so
-- Up-to-date symlink: /home/ws/.component_workspaces/localization/install/castor_interfaces/lib/python3.12/site-packages/castor_interfaces/castor_interfaces_s__rosidl_typesupport_c.so
-- Symlinking: /home/ws/.component_workspaces/localization/install/castor_interfaces/share/castor_interfaces/rust/Cargo.toml
-- Symlinking: /home/ws/.component_workspaces/localization/install/castor_interfaces/share/castor_interfaces/rust/build.rs
-- Symlinking: /home/ws/.component_workspaces/localization/install/castor_interfaces/share/castor_interfaces/rust/src/lib.rs
-- Symlinking: /home/ws/.component_workspaces/localization/install/castor_interfaces/share/castor_interfaces/rust/src/msg.rs
-- Symlinking: /home/ws/.component_workspaces/localization/install/castor_interfaces/share/castor_interfaces/rust/src/msg/rmw.rs
-- Symlinking: /home/ws/.component_workspaces/localization/install/castor_interfaces/share/castor_interfaces/msg/Heartbeat.idl
-- Symlinking: /home/ws/.component_workspaces/localization/install/castor_interfaces/share/castor_interfaces/msg/VehicleState.idl
-- Symlinking: /home/ws/.component_workspaces/localization/install/castor_interfaces/share/castor_interfaces/msg/PositionSetpoint.idl
-- Symlinking: /home/ws/.component_workspaces/localization/install/castor_interfaces/share/castor_interfaces/msg/TeamCommand.idl
-- Symlinking: /home/ws/.component_workspaces/localization/install/castor_interfaces/share/castor_interfaces/msg/SupervisorState.idl
-- Symlinking: /home/ws/.component_workspaces/localization/install/castor_interfaces/share/castor_interfaces/msg/PolicyStatus.idl
-- Symlinking: /home/ws/.component_workspaces/localization/install/castor_interfaces/share/castor_interfaces/msg/Heartbeat.msg
-- Symlinking: /home/ws/.component_workspaces/localization/install/castor_interfaces/share/castor_interfaces/msg/VehicleState.msg
-- Symlinking: /home/ws/.component_workspaces/localization/install/castor_interfaces/share/castor_interfaces/msg/PositionSetpoint.msg
-- Symlinking: /home/ws/.component_workspaces/localization/install/castor_interfaces/share/castor_interfaces/msg/TeamCommand.msg
-- Symlinking: /home/ws/.component_workspaces/localization/install/castor_interfaces/share/castor_interfaces/msg/SupervisorState.msg
-- Symlinking: /home/ws/.component_workspaces/localization/install/castor_interfaces/share/castor_interfaces/msg/PolicyStatus.msg
-- Symlinking: /home/ws/.component_workspaces/localization/install/castor_interfaces/share/ament_index/resource_index/package_run_dependencies/castor_interfaces
-- Symlinking: /home/ws/.component_workspaces/localization/install/castor_interfaces/share/ament_index/resource_index/parent_prefix_path/castor_interfaces
-- Symlinking: /home/ws/.component_workspaces/localization/install/castor_interfaces/share/castor_interfaces/environment/ament_prefix_path.sh
-- Symlinking: /home/ws/.component_workspaces/localization/install/castor_interfaces/share/castor_interfaces/environment/ament_prefix_path.dsv
-- Symlinking: /home/ws/.component_workspaces/localization/install/castor_interfaces/share/castor_interfaces/environment/path.sh
-- Symlinking: /home/ws/.component_workspaces/localization/install/castor_interfaces/share/castor_interfaces/environment/path.dsv
-- Symlinking: /home/ws/.component_workspaces/localization/install/castor_interfaces/share/castor_interfaces/local_setup.bash
-- Symlinking: /home/ws/.component_workspaces/localization/install/castor_interfaces/share/castor_interfaces/local_setup.sh
-- Symlinking: /home/ws/.component_workspaces/localization/install/castor_interfaces/share/castor_interfaces/local_setup.zsh
-- Symlinking: /home/ws/.component_workspaces/localization/install/castor_interfaces/share/castor_interfaces/local_setup.dsv
-- Symlinking: /home/ws/.component_workspaces/localization/install/castor_interfaces/share/castor_interfaces/package.dsv
-- Symlinking: /home/ws/.component_workspaces/localization/install/castor_interfaces/share/ament_index/resource_index/packages/castor_interfaces
-- Symlinking: /home/ws/.component_workspaces/localization/install/castor_interfaces/share/castor_interfaces/cmake/rosidl_cmake-extras.cmake
-- Symlinking: /home/ws/.component_workspaces/localization/install/castor_interfaces/share/castor_interfaces/cmake/ament_cmake_export_dependencies-extras.cmake
-- Symlinking: /home/ws/.component_workspaces/localization/install/castor_interfaces/share/castor_interfaces/cmake/ament_cmake_export_include_directories-extras.cmake
-- Symlinking: /home/ws/.component_workspaces/localization/install/castor_interfaces/share/castor_interfaces/cmake/ament_cmake_export_libraries-extras.cmake
-- Symlinking: /home/ws/.component_workspaces/localization/install/castor_interfaces/share/castor_interfaces/cmake/ament_cmake_export_targets-extras.cmake
-- Symlinking: /home/ws/.component_workspaces/localization/install/castor_interfaces/share/castor_interfaces/cmake/rosidl_cmake_export_typesupport_targets-extras.cmake
-- Symlinking: /home/ws/.component_workspaces/localization/install/castor_interfaces/share/castor_interfaces/cmake/rosidl_cmake_export_typesupport_libraries-extras.cmake
-- Symlinking: /home/ws/.component_workspaces/localization/install/castor_interfaces/share/castor_interfaces/cmake/rosidl_cmake_aggregate_target-extras.cmake
-- Symlinking: /home/ws/.component_workspaces/localization/install/castor_interfaces/share/castor_interfaces/cmake/castor_interfacesConfig.cmake
-- Symlinking: /home/ws/.component_workspaces/localization/install/castor_interfaces/share/castor_interfaces/cmake/castor_interfacesConfig-version.cmake
-- Symlinking: /home/ws/.component_workspaces/localization/install/castor_interfaces/share/castor_interfaces/package.xml
-- Installing: /home/ws/.component_workspaces/localization/install/castor_interfaces/lib/libcastor_interfaces__rosidl_generator_c.so
-- Set non-toolchain portion of runtime path of "/home/ws/.component_workspaces/localization/install/castor_interfaces/lib/libcastor_interfaces__rosidl_generator_c.so" to ""
-- Installing: /home/ws/.component_workspaces/localization/install/castor_interfaces/lib/libcastor_interfaces__rosidl_typesupport_fastrtps_c.so
-- Set non-toolchain portion of runtime path of "/home/ws/.component_workspaces/localization/install/castor_interfaces/lib/libcastor_interfaces__rosidl_typesupport_fastrtps_c.so" to ""
-- Installing: /home/ws/.component_workspaces/localization/install/castor_interfaces/lib/libcastor_interfaces__rosidl_typesupport_introspection_c.so
-- Set non-toolchain portion of runtime path of "/home/ws/.component_workspaces/localization/install/castor_interfaces/lib/libcastor_interfaces__rosidl_typesupport_introspection_c.so" to ""
-- Installing: /home/ws/.component_workspaces/localization/install/castor_interfaces/lib/libcastor_interfaces__rosidl_typesupport_c.so
-- Set non-toolchain portion of runtime path of "/home/ws/.component_workspaces/localization/install/castor_interfaces/lib/libcastor_interfaces__rosidl_typesupport_c.so" to ""
-- Installing: /home/ws/.component_workspaces/localization/install/castor_interfaces/lib/libcastor_interfaces__rosidl_typesupport_fastrtps_cpp.so
-- Set non-toolchain portion of runtime path of "/home/ws/.component_workspaces/localization/install/castor_interfaces/lib/libcastor_interfaces__rosidl_typesupport_fastrtps_cpp.so" to ""
-- Installing: /home/ws/.component_workspaces/localization/install/castor_interfaces/lib/libcastor_interfaces__rosidl_typesupport_introspection_cpp.so
-- Set non-toolchain portion of runtime path of "/home/ws/.component_workspaces/localization/install/castor_interfaces/lib/libcastor_interfaces__rosidl_typesupport_introspection_cpp.so" to ""
-- Installing: /home/ws/.component_workspaces/localization/install/castor_interfaces/lib/libcastor_interfaces__rosidl_typesupport_cpp.so
-- Set non-toolchain portion of runtime path of "/home/ws/.component_workspaces/localization/install/castor_interfaces/lib/libcastor_interfaces__rosidl_typesupport_cpp.so" to ""
Listing '/home/ws/.component_workspaces/localization/install/castor_interfaces/lib/python3.12/site-packages/castor_interfaces'...
Compiling '/home/ws/.component_workspaces/localization/install/castor_interfaces/lib/python3.12/site-packages/castor_interfaces/__init__.py'...
Listing '/home/ws/.component_workspaces/localization/install/castor_interfaces/lib/python3.12/site-packages/castor_interfaces/msg'...
Compiling '/home/ws/.component_workspaces/localization/install/castor_interfaces/lib/python3.12/site-packages/castor_interfaces/msg/__init__.py'...
Compiling '/home/ws/.component_workspaces/localization/install/castor_interfaces/lib/python3.12/site-packages/castor_interfaces/msg/_heartbeat.py'...
Compiling '/home/ws/.component_workspaces/localization/install/castor_interfaces/lib/python3.12/site-packages/castor_interfaces/msg/_policy_status.py'...
Compiling '/home/ws/.component_workspaces/localization/install/castor_interfaces/lib/python3.12/site-packages/castor_interfaces/msg/_position_setpoint.py'...
Compiling '/home/ws/.component_workspaces/localization/install/castor_interfaces/lib/python3.12/site-packages/castor_interfaces/msg/_supervisor_state.py'...
Compiling '/home/ws/.component_workspaces/localization/install/castor_interfaces/lib/python3.12/site-packages/castor_interfaces/msg/_team_command.py'...
Compiling '/home/ws/.component_workspaces/localization/install/castor_interfaces/lib/python3.12/site-packages/castor_interfaces/msg/_vehicle_state.py'...
-- Installing: /home/ws/.component_workspaces/localization/install/castor_interfaces/lib/libcastor_interfaces__rosidl_generator_py.so
-- Set non-toolchain portion of runtime path of "/home/ws/.component_workspaces/localization/install/castor_interfaces/lib/libcastor_interfaces__rosidl_generator_py.so" to ""
-- Installing: /home/ws/.component_workspaces/localization/install/castor_interfaces/share/castor_interfaces/cmake/export_castor_interfaces__rosidl_generator_cExport.cmake
-- Installing: /home/ws/.component_workspaces/localization/install/castor_interfaces/share/castor_interfaces/cmake/export_castor_interfaces__rosidl_generator_cExport-relwithdebinfo.cmake
-- Installing: /home/ws/.component_workspaces/localization/install/castor_interfaces/share/castor_interfaces/cmake/export_castor_interfaces__rosidl_typesupport_fastrtps_cExport.cmake
-- Installing: /home/ws/.component_workspaces/localization/install/castor_interfaces/share/castor_interfaces/cmake/export_castor_interfaces__rosidl_typesupport_fastrtps_cExport-relwithdebinfo.cmake
-- Installing: /home/ws/.component_workspaces/localization/install/castor_interfaces/share/castor_interfaces/cmake/castor_interfaces__rosidl_typesupport_introspection_cExport.cmake
-- Installing: /home/ws/.component_workspaces/localization/install/castor_interfaces/share/castor_interfaces/cmake/castor_interfaces__rosidl_typesupport_introspection_cExport-relwithdebinfo.cmake
-- Installing: /home/ws/.component_workspaces/localization/install/castor_interfaces/share/castor_interfaces/cmake/castor_interfaces__rosidl_typesupport_cExport.cmake
-- Installing: /home/ws/.component_workspaces/localization/install/castor_interfaces/share/castor_interfaces/cmake/castor_interfaces__rosidl_typesupport_cExport-relwithdebinfo.cmake
-- Installing: /home/ws/.component_workspaces/localization/install/castor_interfaces/share/castor_interfaces/cmake/export_castor_interfaces__rosidl_generator_cppExport.cmake
-- Installing: /home/ws/.component_workspaces/localization/install/castor_interfaces/share/castor_interfaces/cmake/export_castor_interfaces__rosidl_typesupport_fastrtps_cppExport.cmake
-- Installing: /home/ws/.component_workspaces/localization/install/castor_interfaces/share/castor_interfaces/cmake/export_castor_interfaces__rosidl_typesupport_fastrtps_cppExport-relwithdebinfo.cmake
-- Installing: /home/ws/.component_workspaces/localization/install/castor_interfaces/share/castor_interfaces/cmake/castor_interfaces__rosidl_typesupport_introspection_cppExport.cmake
-- Installing: /home/ws/.component_workspaces/localization/install/castor_interfaces/share/castor_interfaces/cmake/castor_interfaces__rosidl_typesupport_introspection_cppExport-relwithdebinfo.cmake
-- Installing: /home/ws/.component_workspaces/localization/install/castor_interfaces/share/castor_interfaces/cmake/castor_interfaces__rosidl_typesupport_cppExport.cmake
-- Installing: /home/ws/.component_workspaces/localization/install/castor_interfaces/share/castor_interfaces/cmake/castor_interfaces__rosidl_typesupport_cppExport-relwithdebinfo.cmake
-- Installing: /home/ws/.component_workspaces/localization/install/castor_interfaces/share/castor_interfaces/cmake/export_castor_interfaces__rosidl_generator_pyExport.cmake
-- Installing: /home/ws/.component_workspaces/localization/install/castor_interfaces/share/castor_interfaces/cmake/export_castor_interfaces__rosidl_generator_pyExport-relwithdebinfo.cmake
