-- The C compiler identification is GNU 13.3.0
-- The CXX compiler identification is GNU 13.3.0
-- Detecting C compiler ABI info
-- Detecting C compiler ABI info - done
-- Check for working C compiler: /usr/bin/cc - skipped
-- Detecting C compile features
-- Detecting C compile features - done
-- Detecting CXX compiler ABI info
-- Detecting CXX compiler ABI info - done
-- Check for working CXX compiler: /usr/bin/c++ - skipped
-- Detecting CXX compile features
-- Detecting CXX compile features - done
-- Found ament_cmake: 2.5.6 (/opt/ros/jazzy/share/ament_cmake/cmake)
-- Found Python3: /usr/bin/python3 (found version "3.12.3") found components: Interpreter 
-- Override CMake install command with custom implementation using symlinks instead of copying resources
-- Configuring done (0.6s)
-- Generating done (0.0s)
-- Build files have been written to: /home/ws/.component_workspaces/localization/build/localization_launch
-- Install configuration: "RelWithDebInfo"
-- Execute custom install script
-- Symlinking: /home/ws/.component_workspaces/localization/install/localization_launch/share/localization_launch/launch/localization.launch.py
-- Symlinking: /home/ws/.component_workspaces/localization/install/localization_launch/share/ament_index/resource_index/package_run_dependencies/localization_launch
-- Symlinking: /home/ws/.component_workspaces/localization/install/localization_launch/share/ament_index/resource_index/parent_prefix_path/localization_launch
-- Symlinking: /home/ws/.component_workspaces/localization/install/localization_launch/share/localization_launch/environment/ament_prefix_path.sh
-- Symlinking: /home/ws/.component_workspaces/localization/install/localization_launch/share/localization_launch/environment/ament_prefix_path.dsv
-- Symlinking: /home/ws/.component_workspaces/localization/install/localization_launch/share/localization_launch/environment/path.sh
-- Symlinking: /home/ws/.component_workspaces/localization/install/localization_launch/share/localization_launch/environment/path.dsv
-- Symlinking: /home/ws/.component_workspaces/localization/install/localization_launch/share/localization_launch/local_setup.bash
-- Symlinking: /home/ws/.component_workspaces/localization/install/localization_launch/share/localization_launch/local_setup.sh
-- Symlinking: /home/ws/.component_workspaces/localization/install/localization_launch/share/localization_launch/local_setup.zsh
-- Symlinking: /home/ws/.component_workspaces/localization/install/localization_launch/share/localization_launch/local_setup.dsv
-- Symlinking: /home/ws/.component_workspaces/localization/install/localization_launch/share/localization_launch/package.dsv
-- Symlinking: /home/ws/.component_workspaces/localization/install/localization_launch/share/ament_index/resource_index/packages/localization_launch
-- Symlinking: /home/ws/.component_workspaces/localization/install/localization_launch/share/localization_launch/cmake/localization_launchConfig.cmake
-- Symlinking: /home/ws/.component_workspaces/localization/install/localization_launch/share/localization_launch/cmake/localization_launchConfig-version.cmake
-- Symlinking: /home/ws/.component_workspaces/localization/install/localization_launch/share/localization_launch/package.xml
